Component: ARM Compiler 5.05 update 1 (build 106) Tool: armlink [4d0efa]

==============================================================================

Section Cross References

    startup_stm32f10x_hd.o(STACK) refers (Special) to heapauxi.o(.text) for __use_two_region_memory
    startup_stm32f10x_hd.o(HEAP) refers (Special) to heapauxi.o(.text) for __use_two_region_memory
    startup_stm32f10x_hd.o(RESET) refers (Special) to heapauxi.o(.text) for __use_two_region_memory
    startup_stm32f10x_hd.o(RESET) refers to startup_stm32f10x_hd.o(STACK) for __initial_sp
    startup_stm32f10x_hd.o(RESET) refers to startup_stm32f10x_hd.o(.text) for Reset_Handler
    startup_stm32f10x_hd.o(RESET) refers to stm32f10x_it.o(.text) for NMI_Handler
    startup_stm32f10x_hd.o(RESET) refers to main.o(.text) for EXTI9_5_IRQHandler
    startup_stm32f10x_hd.o(RESET) refers to timer.o(.text) for TIM4_IRQHandler
    startup_stm32f10x_hd.o(RESET) refers to usart.o(.text) for UART4_IRQHandler
    startup_stm32f10x_hd.o(.text) refers (Special) to heapauxi.o(.text) for __use_two_region_memory
    startup_stm32f10x_hd.o(.text) refers to system_stm32f10x.o(.text) for SystemInit
    startup_stm32f10x_hd.o(.text) refers to __main.o(!!!main) for __main
    startup_stm32f10x_hd.o(.text) refers to startup_stm32f10x_hd.o(HEAP) for Heap_Mem
    startup_stm32f10x_hd.o(.text) refers to startup_stm32f10x_hd.o(STACK) for Stack_Mem
    stm32f10x_adc.o(.text) refers to stm32f10x_rcc.o(.text) for RCC_APB2PeriphResetCmd
    stm32f10x_bkp.o(.text) refers to stm32f10x_rcc.o(.text) for RCC_BackupResetCmd
    stm32f10x_can.o(.text) refers to stm32f10x_rcc.o(.text) for RCC_APB1PeriphResetCmd
    stm32f10x_cec.o(.text) refers to stm32f10x_rcc.o(.text) for RCC_APB1PeriphResetCmd
    stm32f10x_dac.o(.text) refers to stm32f10x_rcc.o(.text) for RCC_APB1PeriphResetCmd
    stm32f10x_gpio.o(.text) refers to stm32f10x_rcc.o(.text) for RCC_APB2PeriphResetCmd
    stm32f10x_i2c.o(.text) refers to stm32f10x_rcc.o(.text) for RCC_APB1PeriphResetCmd
    stm32f10x_pwr.o(.text) refers to stm32f10x_rcc.o(.text) for RCC_APB1PeriphResetCmd
    stm32f10x_rcc.o(.text) refers to stm32f10x_rcc.o(.data) for APBAHBPrescTable
    stm32f10x_spi.o(.text) refers to stm32f10x_rcc.o(.text) for RCC_APB2PeriphResetCmd
    stm32f10x_tim.o(.text) refers to stm32f10x_rcc.o(.text) for RCC_APB2PeriphResetCmd
    stm32f10x_usart.o(.text) refers to stm32f10x_rcc.o(.text) for RCC_APB2PeriphResetCmd
    stm32f10x_wwdg.o(.text) refers to stm32f10x_rcc.o(.text) for RCC_APB1PeriphResetCmd
    delay.o(.text) refers to misc.o(.text) for SysTick_CLKSourceConfig
    delay.o(.text) refers to delay.o(.data) for fac_us
    sys.o(.text) refers to sys.o(.constdata) for aucCRCHi
    timer.o(.text) refers to stm32f10x_rcc.o(.text) for RCC_APB1PeriphClockCmd
    timer.o(.text) refers to stm32f10x_tim.o(.text) for TIM_TimeBaseInit
    timer.o(.text) refers to misc.o(.text) for NVIC_Init
    timer.o(.text) refers to timer.o(.data) for SYSTEM_REFERENCE_TIMER
    timer.o(.text) refers to timer.o(.bss) for Sys_Timer_Msg
    usart.o(.text) refers (Special) to use_no_semi_2.o(.text) for __use_no_semihosting
    usart.o(.text) refers to stm32f10x_rcc.o(.text) for RCC_APB2PeriphClockCmd
    usart.o(.text) refers to stm32f10x_usart.o(.text) for USART_DeInit
    usart.o(.text) refers to stm32f10x_gpio.o(.text) for GPIO_Init
    usart.o(.text) refers to misc.o(.text) for NVIC_Init
    usart.o(.text) refers to timer.o(.text) for Set_Timer_Msg
    usart.o(.text) refers to fflt_clz.o(x$fpl$ffltu) for __aeabi_ui2f
    usart.o(.text) refers to fdiv.o(x$fpl$fdiv) for __aeabi_fdiv
    usart.o(.text) refers to ffixu.o(x$fpl$ffixu) for __aeabi_f2uiz
    usart.o(.text) refers to faddsub_clz.o(x$fpl$frsb) for __aeabi_frsub
    usart.o(.text) refers to fmul.o(x$fpl$fmul) for __aeabi_fmul
    usart.o(.text) refers to usart.o(.data) for USART5_RX_STA
    usart.o(.text) refers to usart.o(.bss) for USART4_RX_BUF
    usart.o(.bss) refers (Special) to use_no_semi_2.o(.text) for __use_no_semihosting
    usart.o(.data) refers (Special) to use_no_semi_2.o(.text) for __use_no_semihosting
    relay.o(.text) refers to stm32f10x_rcc.o(.text) for RCC_APB2PeriphClockCmd
    relay.o(.text) refers to stm32f10x_gpio.o(.text) for GPIO_Init
    relay.o(.text) refers to delay.o(.text) for delay_ms
    key.o(.text) refers to stm32f10x_rcc.o(.text) for RCC_APB2PeriphClockCmd
    key.o(.text) refers to stm32f10x_gpio.o(.text) for GPIO_Init
    key.o(.text) refers to stm32f10x_exti.o(.text) for EXTI_ClearITPendingBit
    key.o(.text) refers to misc.o(.text) for NVIC_Init
    led.o(.text) refers to stm32f10x_rcc.o(.text) for RCC_APB2PeriphClockCmd
    led.o(.text) refers to stm32f10x_gpio.o(.text) for GPIO_Init
    24cxx.o(.text) refers to stm32f10x_rcc.o(.text) for RCC_APB2PeriphClockCmd
    24cxx.o(.text) refers to stm32f10x_gpio.o(.text) for GPIO_Init
[...]
    SYSTEM\sys\sys.c                         0x00000000   Number         0  sys.o ABSOLUTE
    SYSTEM\timer\timer.c                     0x00000000   Number         0  timer.o ABSOLUTE
    SYSTEM\usart\usart.c                     0x00000000   Number         0  usart.o ABSOLUTE
    USER\epfile.c                            0x00000000   Number         0  epfile.o ABSOLUTE
    USER\main.c                              0x00000000   Number         0  main.o ABSOLUTE
    USER\stm32f10x_it.c                      0x00000000   Number         0  stm32f10x_it.o ABSOLUTE
    USER\system_stm32f10x.c                  0x00000000   Number         0  system_stm32f10x.o ABSOLUTE
    USER\usermsg.c                           0x00000000   Number         0  usermsg.o ABSOLUTE
    dc.s                                     0x00000000   Number         0  dc.o ABSOLUTE
    RESET                                    0x08000000   Section      304  startup_stm32f10x_hd.o(RESET)
    !!!main                                  0x08000130   Section        8  __main.o(!!!main)
    !!!scatter                               0x08000138   Section       52  __scatter.o(!!!scatter)
    !!handler_copy                           0x0800016c   Section       26  __scatter_copy.o(!!handler_copy)
    !!handler_zi                             0x08000188   Section       28  __scatter_zi.o(!!handler_zi)
    .ARM.Collect$$_printf_percent$$00000000  0x080001a4   Section        0  _printf_percent.o(.ARM.Collect$$_printf_percent$$00000000)
    .ARM.Collect$$_printf_percent$$00000009  0x080001a4   Section        6  _printf_d.o(.ARM.Collect$$_printf_percent$$00000009)
    .ARM.Collect$$_printf_percent$$0000000C  0x080001aa   Section        6  _printf_x.o(.ARM.Collect$$_printf_percent$$0000000C)
    .ARM.Collect$$_printf_percent$$00000014  0x080001b0   Section        6  _printf_s.o(.ARM.Collect$$_printf_percent$$00000014)
    .ARM.Collect$$_printf_percent$$00000017  0x080001b6   Section        4  _printf_percent_end.o(.ARM.Collect$$_printf_percent$$00000017)
    .ARM.Collect$$libinit$$00000000          0x080001ba   Section        2  libinit.o(.ARM.Collect$$libinit$$00000000)
    .ARM.Collect$$libinit$$00000002          0x080001bc   Section        0  libinit2.o(.ARM.Collect$$libinit$$00000002)
    .ARM.Collect$$libinit$$00000004          0x080001bc   Section        0  libinit2.o(.ARM.Collect$$libinit$$00000004)
    .ARM.Collect$$libinit$$0000000A          0x080001bc   Section        0  libinit2.o(.ARM.Collect$$libinit$$0000000A)
    .ARM.Collect$$libinit$$0000000C          0x080001bc   Section        0  libinit2.o(.ARM.Collect$$libinit$$0000000C)
    .ARM.Collect$$libinit$$0000000E          0x080001bc   Section        0  libinit2.o(.ARM.Collect$$libinit$$0000000E)
    .ARM.Collect$$libinit$$00000011          0x080001bc   Section        0  libinit2.o(.ARM.Collect$$libinit$$00000011)
    .ARM.Collect$$libinit$$00000013          0x080001bc   Section        0  libinit2.o(.ARM.Collect$$libinit$$00000013)
    .ARM.Collect$$libinit$$00000015          0x080001bc   Section        0  libinit2.o(.ARM.Collect$$libinit$$00000015)
    .ARM.Collect$$libinit$$00000017          0x080001bc   Section        0  libinit2.o(.ARM.Collect$$libinit$$00000017)
    .ARM.Collect$$libinit$$00000019          0x080001bc   Section        0  libinit2.o(.ARM.Collect$$libinit$$00000019)
    .ARM.Collect$$libinit$$0000001B          0x080001bc   Section        0  libinit2.o(.ARM.Collect$$libinit$$0000001B)
    .ARM.Collect$$libinit$$0000001D          0x080001bc   Section        0  libinit2.o(.ARM.Collect$$libinit$$0000001D)
    .ARM.Collect$$libinit$$0000001F          0x080001bc   Section        0  libinit2.o(.ARM.Collect$$libinit$$0000001F)
    .ARM.Collect$$libinit$$00000021          0x080001bc   Section        0  libinit2.o(.ARM.Collect$$libinit$$00000021)
    .ARM.Collect$$libinit$$00000023          0x080001bc   Section        0  libinit2.o(.ARM.Collect$$libinit$$00000023)
    .ARM.Collect$$libinit$$00000025          0x080001bc   Section        0  libinit2.o(.ARM.Collect$$libinit$$00000025)
    .ARM.Collect$$libinit$$0000002C          0x080001bc   Section        0  libinit2.o(.ARM.Collect$$libinit$$0000002C)
    .ARM.Collect$$libinit$$0000002E          0x080001bc   Section        0  libinit2.o(.ARM.Collect$$libinit$$0000002E)
    .ARM.Collect$$libinit$$00000030          0x080001bc   Section        0  libinit2.o(.ARM.Collect$$libinit$$00000030)
    .ARM.Collect$$libinit$$00000032          0x080001bc   Section        0  libinit2.o(.ARM.Collect$$libinit$$00000032)
    .ARM.Collect$$libinit$$00000033          0x080001bc   Section        2  libinit2.o(.ARM.Collect$$libinit$$00000033)
    .ARM.Collect$$libshutdown$$00000000      0x080001be   Section        2  libshutdown.o(.ARM.Collect$$libshutdown$$00000000)
    .ARM.Collect$$libshutdown$$00000003      0x080001c0   Section        0  libshutdown2.o(.ARM.Collect$$libshutdown$$00000003)
    .ARM.Collect$$libshutdown$$00000006      0x080001c0   Section        0  libshutdown2.o(.ARM.Collect$$libshutdown$$00000006)
    .ARM.Collect$$libshutdown$$00000009      0x080001c0   Section        0  libshutdown2.o(.ARM.Collect$$libshutdown$$00000009)
    .ARM.Collect$$libshutdown$$0000000B      0x080001c0   Section        0  libshutdown2.o(.ARM.Collect$$libshutdown$$0000000B)
    .ARM.Collect$$libshutdown$$0000000E      0x080001c0   Section        0  libshutdown2.o(.ARM.Collect$$libshutdown$$0000000E)
    .ARM.Collect$$libshutdown$$0000000F      0x080001c0   Section        2  libshutdown2.o(.ARM.Collect$$libshutdown$$0000000F)
    .ARM.Collect$$rtentry$$00000000          0x080001c2   Section        0  __rtentry.o(.ARM.Collect$$rtentry$$00000000)
    .ARM.Collect$$rtentry$$00000002          0x080001c2   Section        0  __rtentry2.o(.ARM.Collect$$rtentry$$00000002)
    .ARM.Collect$$rtentry$$00000004          0x080001c2   Section        6  __rtentry4.o(.ARM.Collect$$rtentry$$00000004)
    .ARM.Collect$$rtentry$$00000009          0x080001c8   Section        0  __rtentry2.o(.ARM.Collect$$rtentry$$00000009)
    .ARM.Collect$$rtentry$$0000000A          0x080001c8   Section        4  __rtentry2.o(.ARM.Collect$$rtentry$$0000000A)
    .ARM.Collect$$rtentry$$0000000C          0x080001cc   Section        0  __rtentry2.o(.ARM.Collect$$rtentry$$0000000C)
    .ARM.Collect$$rtentry$$0000000D          0x080001cc   Section        8  __rtentry2.o(.ARM.Collect$$rtentry$$0000000D)
    .ARM.Collect$$rtexit$$00000000           0x080001d4   Section        2  rtexit.o(.ARM.Collect$$rtexit$$00000000)
    .ARM.Collect$$rtexit$$00000002           0x080001d6   Section        0  rtexit2.o(.ARM.Collect$$rtexit$$00000002)
    .ARM.Collect$$rtexit$$00000003           0x080001d6   Section        4  rtexit2.o(.ARM.Collect$$rtexit$$00000003)
    .ARM.Collect$$rtexit$$00000004           0x080001da   Section        6  rtexit2.o(.ARM.Collect$$rtexit$$00000004)
    .text                                    0x080001e0   Section       64  startup_stm32f10x_hd.o(.text)
    .text                                    0x08000220   Section        0  misc.o(.text)
    .text                                    0x080002fc   Section        0  stm32f10x_exti.o(.text)
    .text                                    0x08000418   Section        0  stm32f10x_gpio.o(.text)
    .text                                    0x08000774   Section        0  stm32f10x_rcc.o(.text)
    .text                                    0x08000b18   Section        0  stm32f10x_tim.o(.text)
    TI4_Config                               0x08000fbf   Thumb Code   130  stm32f10x_tim.o(.text)
    TI3_Config                               0x08001053   Thumb Code   122  stm32f10x_tim.o(.text)
    TI2_Config                               0x080010e7   Thumb Code   130  stm32f10x_tim.o(.text)
    TI1_Config                               0x0800117b   Thumb Code   108  stm32f10x_tim.o(.text)
    .text                                    0x08001934   Section        0  stm32f10x_usart.o(.text)
    .text                                    0x08001d3c   Section        0  delay.o(.text)
    .text                                    0x08001e00   Section        0  sys.o(.text)
    .text                                    0x08001e7c   Section        0  timer.o(.text)
    .text                                    0x08001f6c   Section        0  usart.o(.text)
    .text                                    0x080022b8   Section        0  key.o(.text)
    .text                                    0x08002330   Section        0  led.o(.text)
    .text                                    0x0800237c   Section        0  24cxx.o(.text)
    .text                                    0x08002734   Section        0  wifi.o(.text)
    .text                                    0x08003030   Section        0  serialport.o(.text)
    .text                                    0x0800306c   Section        0  protocol.o(.text)
    .text                                    0x080034c8   Section        0  serrcu.o(.text)
    .text                                    0x080037a8   Section        0  main.o(.text)
    .text                                    0x080039ec   Section        0  stm32f10x_it.o(.text)
    .text                                    0x08003a08   Section        0  system_stm32f10x.o(.text)
    SetSysClockTo72                          0x08003a09   Thumb Code   214  system_stm32f10x.o(.text)
    SetSysClock                              0x08003adf   Thumb Code     8  system_stm32f10x.o(.text)
    .text                                    0x08003be8   Section        0  epfile.o(.text)
    .text                                    0x08003e84   Section        0  usermsg.o(.text)
    .text                                    0x08003fe0   Section        2  use_no_semi_2.o(.text)
    .text                                    0x08003fe4   Section        0  noretval__2printf.o(.text)
    .text                                    0x08003ffc   Section        0  noretval__2sprintf.o(.text)
    .text                                    0x08004024   Section        0  __printf.o(.text)
    .text                                    0x0800408c   Section        0  _printf_str.o(.text)
    .text                                    0x080040e0   Section        0  _printf_dec.o(.text)
    .text                                    0x08004158   Section        0  _printf_hex_int.o(.text)
    .text                                    0x080041b0   Section        0  strstr.o(.text)
    .text                                    0x080041d4   Section        0  memcmp.o(.text)
    .text                                    0x0800422c   Section        0  strcpy.o(.text)
    .text                                    0x08004274   Section        0  strlen.o(.text)
    .text                                    0x080042b2   Section      138  rt_memcpy_v6.o(.text)
    .text                                    0x0800433c   Section       68  rt_memclr.o(.text)
    .text                                    0x08004380   Section        0  heapauxi.o(.text)
    .text                                    0x08004386   Section        2  use_no_semi.o(.text)
    .text                                    0x08004388   Section        0  _printf_intcommon.o(.text)
    .text                                    0x0800443c   Section        0  _printf_char_common.o(.text)
    _printf_input_char                       0x0800443d   Thumb Code    10  _printf_char_common.o(.text)
    .text                                    0x0800446c   Section        0  _sputc.o(.text)
    .text                                    0x08004476   Section        0  _printf_char.o(.text)
    .text                                    0x080044a4   Section        0  _printf_char_file.o(.text)
    .text                                    0x080044c8   Section      100  rt_memcpy_w.o(.text)
    .text                                    0x0800452c   Section       78  rt_memclr_w.o(.text)
    .text                                    0x0800457a   Section        0  ferror.o(.text)
    .text                                    0x08004582   Section       74  sys_stackheap_outer.o(.text)
    .text                                    0x080045cc   Section        0  exit.o(.text)
    .text                                    0x080045d8   Section        8  libspace.o(.text)
    x$fpl$fadd                               0x080045e0   Section      196  faddsub_clz.o(x$fpl$fadd)
    _fadd1                                   0x080045ef   Thumb Code     0  faddsub_clz.o(x$fpl$fadd)
    x$fpl$fdiv                               0x080046a4   Section      388  fdiv.o(x$fpl$fdiv)
    _fdiv1                                   0x080046a5   Thumb Code     0  fdiv.o(x$fpl$fdiv)
    x$fpl$ffixu                              0x08004828   Section       62  ffixu.o(x$fpl$ffixu)
    x$fpl$ffltu                              0x08004868   Section       38  fflt_clz.o(x$fpl$ffltu)
    x$fpl$fmul                               0x08004890   Section      258  fmul.o(x$fpl$fmul)
    x$fpl$fnaninf                            0x08004992   Section      140  fnaninf.o(x$fpl$fnaninf)
    x$fpl$fretinf                            0x08004a1e   Section       10  fretinf.o(x$fpl$fretinf)
    x$fpl$frsb                               0x08004a28   Section       20  faddsub_clz.o(x$fpl$frsb)
    x$fpl$fsub                               0x08004a3c   Section      234  faddsub_clz.o(x$fpl$fsub)
    _fsub1                                   0x08004a4b   Thumb Code     0  faddsub_clz.o(x$fpl$fsub)
    .constdata                               0x08004b26   Section      512  sys.o(.constdata)
    x$fpl$usenofp                            0x08004b26   Section        0  usenofp.o(x$fpl$usenofp)
    aucCRCHi                                 0x08004b26   Data         256  sys.o(.constdata)
    aucCRCLo                                 0x08004c26   Data         256  sys.o(.constdata)
    .constdata                               0x08004d26   Section      104  wifi.o(.constdata)
    __func__                                 0x08004d26   Data          13  wifi.o(.constdata)
    __func__                                 0x08004d33   Data          17  wifi.o(.constdata)
    __func__                                 0x08004d44   Data          29  wifi.o(.constdata)
    __func__                                 0x08004d61   Data          13  wifi.o(.constdata)
    __func__                                 0x08004d6e   Data          14  wifi.o(.constdata)
    __func__                                 0x08004d7c   Data          18  wifi.o(.constdata)
    .constdata                               0x08004d90   Section       16  protocol.o(.constdata)
    Protocol_Cluster                         0x08004d90   Data          16  protocol.o(.constdata)
    .constdata                               0x08004da0   Section      121  serrcu.o(.constdata)
    __func__                                 0x08004da0   Data          17  serrcu.o(.constdata)
    __func__                                 0x08004db1   Data          19  serrcu.o(.constdata)
    __func__                                 0x08004dc4   Data          18  serrcu.o(.constdata)
    __func__                                 0x08004dd6   Data          23  serrcu.o(.constdata)
    __func__                                 0x08004ded   Data          24  serrcu.o(.constdata)
    __func__                                 0x08004e05   Data          20  serrcu.o(.constdata)
    .constdata                               0x08004e19   Section       52  main.o(.constdata)
    __func__                                 0x08004e19   Data          13  main.o(.constdata)
    __func__                                 0x08004e26   Data          15  main.o(.constdata)
    __func__                                 0x08004e35   Data          19  main.o(.constdata)
    __func__                                 0x08004e48   Data           5  main.o(.constdata)
    .constdata                               0x08004e4d   Section       12  epfile.o(.constdata)
    __func__                                 0x08004e4d   Data          12  epfile.o(.constdata)
    .constdata                               0x08004e59   Section       40  _printf_hex_int.o(.constdata)
    uc_hextab                                0x08004e59   Data          20  _printf_hex_int.o(.constdata)
    lc_hextab                                0x08004e6d   Data          20  _printf_hex_int.o(.constdata)
    .data                                    0x20000000   Section       20  stm32f10x_rcc.o(.data)
    APBAHBPrescTable                         0x20000000   Data          16  stm32f10x_rcc.o(.data)
    ADCPrescTable                            0x20000010   Data           4  stm32f10x_rcc.o(.data)
    .data                                    0x20000014   Section        4  delay.o(.data)
    fac_us                                   0x20000014   Data           1  delay.o(.data)
    fac_ms                                   0x20000016   Data           2  delay.o(.data)
    .data                                    0x20000018   Section        4  timer.o(.data)
    SYSTEM_REFERENCE_TIMER                   0x20000018   Data           4  timer.o(.data)
    .data                                    0x2000001c   Section       11  usart.o(.data)
    .data                                    0x20000028   Section       32  wifi.o(.data)
    WIFI_WORK_MODE                           0x20000028   Data           1  wifi.o(.data)
    Wifi_Error_Num                           0x20000029   Data           1  wifi.o(.data)
    p_Wifi_AP_SSID                           0x2000002c   Data           4  wifi.o(.data)
    p_Wifi_AP_PASSWORD                       0x20000030   Data           4  wifi.o(.data)
    p_Wifi_SERVER_IP                         0x20000034   Data           4  wifi.o(.data)
    p_Wifi_SERVER_PORT                       0x20000038   Data           4  wifi.o(.data)
    p_Wifi_Heartbeat_Data                    0x2000003c   Data           4  wifi.o(.data)
    pf_Hal_Wifi_Send_Data                    0x20000040   Data           4  wifi.o(.data)
    pf_Hal_Wifi_Passthough_Data_Procss       0x20000044   Data           4  wifi.o(.data)
    .data                                    0x20000048   Section        1  protocol.o(.data)
    Protocol_Last_FrameID                    0x20000048   Data           1  protocol.o(.data)
    .data                                    0x2000004c   Section       12  main.o(.data)
    Key_Down_Num                             0x20000050   Data           1  main.o(.data)
    Key_Down_Long                            0x20000054   Data           4  main.o(.data)
    .data                                    0x20000058   Section       20  system_stm32f10x.o(.data)
    .bss                                     0x2000006c   Section      160  timer.o(.bss)
    Sys_Timer_Msg                            0x2000006c   Data         160  timer.o(.bss)
    .bss                                     0x2000010c   Section      128  usart.o(.bss)
    .bss                                     0x2000018c   Section      713  wifi.o(.bss)
    Wifi_Buf                                 0x2000018c   Data         100  wifi.o(.bss)
    Wifi_Cmd                                 0x200001f0   Data         108  wifi.o(.bss)
    Wifi_Passthough_Data                     0x2000025c   Data         101  wifi.o(.bss)
    Wifi_Send_Data                           0x200002c1   Data         303  wifi.o(.bss)
    Wifi_Recive_Data                         0x200003f0   Data         101  wifi.o(.bss)
    .bss                                     0x20000458   Section      328  protocol.o(.bss)
    .bss                                     0x200005a0   Section       90  main.o(.bss)
    .bss                                     0x200005fa   Section      309  usermsg.o(.bss)
    User_Msg_Info                            0x200005fa   Data         309  usermsg.o(.bss)
    .bss                                     0x20000730   Section       96  libspace.o(.bss)
    HEAP                                     0x20000790   Section      512  startup_stm32f10x_hd.o(HEAP)
    Heap_Mem                                 0x20000790   Data         512  startup_stm32f10x_hd.o(HEAP)
    STACK                                    0x20000990   Section     1024  startup_stm32f10x_hd.o(STACK)
    Stack_Mem                                0x20000990   Data        1024  startup_stm32f10x_hd.o(STACK)
    __initial_sp                             0x20000d90   Data           0  startup_stm32f10x_hd.o(STACK)

    Global Symbols

    Symbol Name                              Value     Ov Type        Size  Object(Section)

    BuildAttributes$$THM_ISAv4$P$D$K$B$S$PE$A:L22UL41UL21$X:L11$S22US41US21$IEEE1$IW$USESV6$~STKCKD$USESV7$~SHL$OSPACE$ROPI$EBA8$UX$STANDARDLIB$REQ8$PRES8$EABIv2 0x00000000   Number         0  anon$$obj.o ABSOLUTE
    __ARM_use_no_argv                        0x00000000   Number         0  main.o ABSOLUTE
    __ARM_exceptions_init                     - Undefined Weak Reference
    __alloca_initialize                       - Undefined Weak Reference
    __arm_preinit_                            - Undefined Weak Reference
    __cpp_initialize__aeabi_                  - Undefined Weak Reference
    __cxa_finalize                            - Undefined Weak Reference
    __rt_locale                               - Undefined Weak Reference
    __sigvec_lookup                           - Undefined Weak Reference
    _atexit_init                              - Undefined Weak Reference
    _call_atexit_fns                          - Undefined Weak Reference
    _clock_init                               - Undefined Weak Reference
    _fp_trap_init                             - Undefined Weak Reference
    _fp_trap_shutdown                         - Undefined Weak Reference
    _get_lc_collate                           - Undefined Weak Reference
    _get_lc_ctype                             - Undefined Weak Reference
    _get_lc_monetary                          - Undefined Weak Reference
    _get_lc_numeric                           - Undefined Weak Reference
    _get_lc_time                              - Undefined Weak Reference
    _getenv_init                              - Undefined Weak Reference
    _handle_redirection                       - Undefined Weak Reference
    _init_alloc                               - Undefined Weak Reference
    _init_user_alloc                          - Undefined Weak Reference
    _initio                                   - Undefined Weak Reference
    _mutex_acquire                            - Undefined Weak Reference
    _mutex_release                            - Undefined Weak Reference
    _printf_mbtowc                            - Undefined Weak Reference
    _printf_post_padding                      - Undefined Weak Reference
    _printf_pre_padding                       - Undefined Weak Reference
    _printf_truncate_signed                   - Undefined Weak Reference
    _printf_truncate_unsigned                 - Undefined Weak Reference
    _rand_init                                - Undefined Weak Reference
    _signal_finish                            - Undefined Weak Reference
    _signal_init                              - Undefined Weak Reference
    _terminate_alloc                          - Undefined Weak Reference
    _terminate_user_alloc                     - Undefined Weak Reference
    _terminateio                              - Undefined Weak Reference
    __Vectors_Size                           0x00000130   Number         0  startup_stm32f10x_hd.o ABSOLUTE
    __Vectors                                0x08000000   Data           4  startup_stm32f10x_hd.o(RESET)
    __Vectors_End                            0x08000130   Data           0  startup_stm32f10x_hd.o(RESET)
    __main                                   0x08000131   Thumb Code     8  __main.o(!!!main)
    __scatterload                            0x08000139   Thumb Code     0  __scatter.o(!!!scatter)
    __scatterload_rt2                        0x08000139   Thumb Code    44  __scatter.o(!!!scatter)
    __scatterload_rt2_thumb_only             0x08000139   Thumb Code     0  __scatter.o(!!!scatter)
    __scatterload_null                       0x08000147   Thumb Code     0  __scatter.o(!!!scatter)
    __scatterload_copy                       0x0800016d   Thumb Code    26  __scatter_copy.o(!!handler_copy)
    __scatterload_zeroinit                   0x08000189   Thumb Code    28  __scatter_zi.o(!!handler_zi)
    _printf_d                                0x080001a5   Thumb Code     0  _printf_d.o(.ARM.Collect$$_printf_percent$$00000009)
    _printf_percent                          0x080001a5   Thumb Code     0  _printf_percent.o(.ARM.Collect$$_printf_percent$$00000000)
    _printf_x                                0x080001ab   Thumb Code     0  _printf_x.o(.ARM.Collect$$_printf_percent$$0000000C)
    _printf_s                                0x080001b1   Thumb Code     0  _printf_s.o(.ARM.Collect$$_printf_percent$$00000014)
    _printf_percent_end                      0x080001b7   Thumb Code     0  _printf_percent_end.o(.ARM.Collect$$_printf_percent$$00000017)
    __rt_lib_init                            0x080001bb   Thumb Code     0  libinit.o(.ARM.Collect$$libinit$$00000000)
    __rt_lib_init_alloca_1                   0x080001bd   Thumb Code     0  libinit2.o(.ARM.Collect$$libinit$$0000002E)
    __rt_lib_init_argv_1                     0x080001bd   Thumb Code     0  libinit2.o(.ARM.Collect$$libinit$$0000002C)
    __rt_lib_init_atexit_1                   0x080001bd   Thumb Code     0  libinit2.o(.ARM.Collect$$libinit$$0000001B)
    __rt_lib_init_clock_1                    0x080001bd   Thumb Code     0  libinit2.o(.ARM.Collect$$libinit$$00000021)
    __rt_lib_init_cpp_1                      0x080001bd   Thumb Code     0  libinit2.o(.ARM.Collect$$libinit$$00000032)
    __rt_lib_init_exceptions_1               0x080001bd   Thumb Code     0  libinit2.o(.ARM.Collect$$libinit$$00000030)
    __rt_lib_init_fp_1                       0x080001bd   Thumb Code     0  libinit2.o(.ARM.Collect$$libinit$$00000002)
    __rt_lib_init_fp_trap_1                  0x080001bd   Thumb Code     0  libinit2.o(.ARM.Collect$$libinit$$0000001F)
    __rt_lib_init_getenv_1                   0x080001bd   Thumb Code     0  libinit2.o(.ARM.Collect$$libinit$$00000023)
    __rt_lib_init_heap_1                     0x080001bd   Thumb Code     0  libinit2.o(.ARM.Collect$$libinit$$0000000A)
    __rt_lib_init_lc_collate_1               0x080001bd   Thumb Code     0  libinit2.o(.ARM.Collect$$libinit$$00000011)
    __rt_lib_init_lc_ctype_1                 0x080001bd   Thumb Code     0  libinit2.o(.ARM.Collect$$libinit$$00000013)
    __rt_lib_init_lc_monetary_1              0x080001bd   Thumb Code     0  libinit2.o(.ARM.Collect$$libinit$$00000015)
    __rt_lib_init_lc_numeric_1               0x080001bd   Thumb Code     0  libinit2.o(.ARM.Collect$$libinit$$00000017)
    __rt_lib_init_lc_time_1                  0x080001bd   Thumb Code     0  libinit2.o(.ARM.Collect$$libinit$$00000019)
    __rt_lib_init_preinit_1                  0x080001bd   Thumb Code     0  libinit2.o(.ARM.Collect$$libinit$$00000004)
    __rt_lib_init_rand_1                     0x080001bd   Thumb Code     0  libinit2.o(.ARM.Collect$$libinit$$0000000E)
    __rt_lib_init_return                     0x080001bd   Thumb Code     0  libinit2.o(.ARM.Collect$$libinit$$00000033)
    __rt_lib_init_signal_1                   0x080001bd   Thumb Code     0  libinit2.o(.ARM.Collect$$libinit$$0000001D)
    __rt_lib_init_stdio_1                    0x080001bd   Thumb Code     0  libinit2.o(.ARM.Collect$$libinit$$00000025)
    __rt_lib_init_user_alloc_1               0x080001bd   Thumb Code     0  libinit2.o(.ARM.Collect$$libinit$$0000000C)
    __rt_lib_shutdown                        0x080001bf   Thumb Code     0  libshutdown.o(.ARM.Collect$$libshutdown$$00000000)
    __rt_lib_shutdown_fp_trap_1              0x080001c1   Thumb Code     0  libshutdown2.o(.ARM.Collect$$libshutdown$$00000006)
    __rt_lib_shutdown_heap_1                 0x080001c1   Thumb Code     0  libshutdown2.o(.ARM.Collect$$libshutdown$$0000000E)
    __rt_lib_shutdown_return                 0x080001c1   Thumb Code     0  libshutdown2.o(.ARM.Collect$$libshutdown$$0000000F)
    __rt_lib_shutdown_signal_1               0x080001c1   Thumb Code     0  libshutdown2.o(.ARM.Collect$$libshutdown$$00000009)
    __rt_lib_shutdown_stdio_1                0x080001c1   Thumb Code     0  libshutdown2.o(.ARM.Collect$$libshutdown$$00000003)
    __rt_lib_shutdown_user_alloc_1           0x080001c1   Thumb Code     0  libshutdown2.o(.ARM.Collect$$libshutdown$$0000000B)
    __rt_entry                               0x080001c3   Thumb Code     0  __rtentry.o(.ARM.Collect$$rtentry$$00000000)
    __rt_entry_presh_1                       0x080001c3   Thumb Code     0  __rtentry2.o(.ARM.Collect$$rtentry$$00000002)
    __rt_entry_sh                            0x080001c3   Thumb Code     0  __rtentry4.o(.ARM.Collect$$rtentry$$00000004)
    __rt_entry_li                            0x080001c9   Thumb Code     0  __rtentry2.o(.ARM.Collect$$rtentry$$0000000A)
    __rt_entry_postsh_1                      0x080001c9   Thumb Code     0  __rtentry2.o(.ARM.Collect$$rtentry$$00000009)
    __rt_entry_main                          0x080001cd   Thumb Code     0  __rtentry2.o(.ARM.Collect$$rtentry$$0000000D)
    __rt_entry_postli_1                      0x080001cd   Thumb Code     0  __rtentry2.o(.ARM.Collect$$rtentry$$0000000C)
    __rt_exit                                0x080001d5   Thumb Code     0  rtexit.o(.ARM.Collect$$rtexit$$00000000)
    __rt_exit_ls                             0x080001d7   Thumb Code     0  rtexit2.o(.ARM.Collect$$rtexit$$00000003)
    __rt_exit_prels_1                        0x080001d7   Thumb Code     0  rtexit2.o(.ARM.Collect$$rtexit$$00000002)
    __rt_exit_exit                           0x080001db   Thumb Code     0  rtexit2.o(.ARM.Collect$$rtexit$$00000004)
    Reset_Handler                            0x080001e1   Thumb Code     8  startup_stm32f10x_hd.o(.text)
    ADC1_2_IRQHandler                        0x080001fb   Thumb Code     0  startup_stm32f10x_hd.o(.text)
    ADC3_IRQHandler                          0x080001fb   Thumb Code     0  startup_stm32f10x_hd.o(.text)
    CAN1_RX1_IRQHandler                      0x080001fb   Thumb Code     0  startup_stm32f10x_hd.o(.text)
    CAN1_SCE_IRQHandler                      0x080001fb   Thumb Code     0  startup_stm32f10x_hd.o(.text)
    DMA1_Channel1_IRQHandler                 0x080001fb   Thumb Code     0  startup_stm32f10x_hd.o(.text)
    DMA1_Channel2_IRQHandler                 0x080001fb   Thumb Code     0  startup_stm32f10x_hd.o(.text)
    DMA1_Channel3_IRQHandler                 0x080001fb   Thumb Code     0  startup_stm32f10x_hd.o(.text)
    DMA1_Channel4_IRQHandler                 0x080001fb   Thumb Code     0  startup_stm32f10x_hd.o(.text)
    DMA1_Channel5_IRQHandler                 0x080001fb   Thumb Code     0  startup_stm32f10x_hd.o(.text)
    DMA1_Channel6_IRQHandler                 0x080001fb   Thumb Code     0  startup_stm32f10x_hd.o(.text)
    DMA1_Channel7_IRQHandler                 0x080001fb   Thumb Code     0  startup_stm32f10x_hd.o(.text)
    DMA2_Channel1_IRQHandler                 0x080001fb   Thumb Code     0  startup_stm32f10x_hd.o(.text)
    DMA2_Channel2_IRQHandler                 0x080001fb   Thumb Code     0  startup_stm32f10x_hd.o(.text)
    DMA2_Channel3_IRQHandler                 0x080001fb   Thumb Code     0  startup_stm32f10x_hd.o(.text)
    DMA2_Channel4_5_IRQHandler               0x080001fb   Thumb Code     0  startup_stm32f10x_hd.o(.text)
    EXTI0_IRQHandler                         0x080001fb   Thumb Code     0  startup_stm32f10x_hd.o(.text)
    EXTI15_10_IRQHandler                     0x080001fb   Thumb Code     0  startup_stm32f10x_hd.o(.text)
    EXTI1_IRQHandler                         0x080001fb   Thumb Code     0  startup_stm32f10x_hd.o(.text)
    EXTI2_IRQHandler                         0x080001fb   Thumb Code     0  startup_stm32f10x_hd.o(.text)
    EXTI3_IRQHandler                         0x080001fb   Thumb Code     0  startup_stm32f10x_hd.o(.text)
    EXTI4_IRQHandler                         0x080001fb   Thumb Code     0  startup_stm32f10x_hd.o(.text)
    FLASH_IRQHandler                         0x080001fb   Thumb Code     0  startup_stm32f10x_hd.o(.text)
    FSMC_IRQHandler                          0x080001fb   Thumb Code     0  startup_stm32f10x_hd.o(.text)
    I2C1_ER_IRQHandler                       0x080001fb   Thumb Code     0  startup_stm32f10x_hd.o(.text)
    I2C1_EV_IRQHandler                       0x080001fb   Thumb Code     0  startup_stm32f10x_hd.o(.text)
    I2C2_ER_IRQHandler                       0x080001fb   Thumb Code     0  startup_stm32f10x_hd.o(.text)
    I2C2_EV_IRQHandler                       0x080001fb   Thumb Code     0  startup_stm32f10x_hd.o(.text)
    PVD_IRQHandler                           0x080001fb   Thumb Code     0  startup_stm32f10x_hd.o(.text)
    RCC_IRQHandler                           0x080001fb   Thumb Code     0  startup_stm32f10x_hd.o(.text)
    RTCAlarm_IRQHandler                      0x080001fb   Thumb Code     0  startup_stm32f10x_hd.o(.text)
    RTC_IRQHandler                           0x080001fb   Thumb Code     0  startup_stm32f10x_hd.o(.text)
    SDIO_IRQHandler                          0x080001fb   Thumb Code     0  startup_stm32f10x_hd.o(.text)
    SPI1_IRQHandler                          0x080001fb   Thumb Code     0  startup_stm32f10x_hd.o(.text)
    SPI2_IRQHandler                          0x080001fb   Thumb Code     0  startup_stm32f10x_hd.o(.text)
    SPI3_IRQHandler                          0x080001fb   Thumb Code     0  startup_stm32f10x_hd.o(.text)
    TAMPER_IRQHandler                        0x080001fb   Thumb Code     0  startup_stm32f10x_hd.o(.text)
    TIM1_BRK_IRQHandler                      0x080001fb   Thumb Code     0  startup_stm32f10x_hd.o(.text)
    TIM1_CC_IRQHandler                       0x080001fb   Thumb Code     0  startup_stm32f10x_hd.o(.text)
    TIM1_TRG_COM_IRQHandler                  0x080001fb   Thumb Code     0  startup_stm32f10x_hd.o(.text)
    TIM1_UP_IRQHandler                       0x080001fb   Thumb Code     0  startup_stm32f10x_hd.o(.text)
    TIM2_IRQHandler                          0x080001fb   Thumb Code     0  startup_stm32f10x_hd.o(.text)
    TIM3_IRQHandler                          0x080001fb   Thumb Code     0  startup_stm32f10x_hd.o(.text)
    TIM5_IRQHandler                          0x080001fb   Thumb Code     0  startup_stm32f10x_hd.o(.text)
    TIM6_IRQHandler                          0x080001fb   Thumb Code     0  startup_stm32f10x_hd.o(.text)
    TIM7_IRQHandler                          0x080001fb   Thumb Code     0  startup_stm32f10x_hd.o(.text)
    TIM8_BRK_IRQHandler                      0x080001fb   Thumb Code     0  startup_stm32f10x_hd.o(.text)
    TIM8_CC_IRQHandler                       0x080001fb   Thumb Code     0  startup_stm32f10x_hd.o(.text)
    TIM8_TRG_COM_IRQHandler                  0x080001fb   Thumb Code     0  startup_stm32f10x_hd.o(.text)
    TIM8_UP_IRQHandler                       0x080001fb   Thumb Code     0  startup_stm32f10x_hd.o(.text)
    USART1_IRQHandler                        0x080001fb   Thumb Code     0  startup_stm32f10x_hd.o(.text)
    USART2_IRQHandler                        0x080001fb   Thumb Code     0  startup_stm32f10x_hd.o(.text)
    USART3_IRQHandler                        0x080001fb   Thumb Code     0  startup_stm32f10x_hd.o(.text)
    USBWakeUp_IRQHandler                     0x080001fb   Thumb Code     0  startup_stm32f10x_hd.o(.text)
    USB_HP_CAN1_TX_IRQHandler                0x080001fb   Thumb Code     0  startup_stm32f10x_hd.o(.text)
    USB_LP_CAN1_RX0_IRQHandler               0x080001fb   Thumb Code     0  startup_stm32f10x_hd.o(.text)
    WWDG_IRQHandler                          0x080001fb   Thumb Code     0  startup_stm32f10x_hd.o(.text)
    __user_initial_stackheap                 0x080001fd   Thumb Code     0  startup_stm32f10x_hd.o(.text)
    NVIC_PriorityGroupConfig                 0x08000221   Thumb Code    10  misc.o(.text)
    NVIC_Init                                0x0800022b   Thumb Code   100  misc.o(.text)
    NVIC_SetVectorTable                      0x0800028f   Thumb Code    14  misc.o(.text)
    NVIC_SystemLPConfig                      0x0800029d   Thumb Code    34  misc.o(.text)
    SysTick_CLKSourceConfig                  0x080002bf   Thumb Code    40  misc.o(.text)
    EXTI_DeInit                              0x080002fd   Thumb Code    28  stm32f10x_exti.o(.text)
    EXTI_Init                                0x08000319   Thumb Code   142  stm32f10x_exti.o(.text)
    EXTI_StructInit                          0x080003a7   Thumb Code    16  stm32f10x_exti.o(.text)
    EXTI_GenerateSWInterrupt                 0x080003b7   Thumb Code    16  stm32f10x_exti.o(.text)
    EXTI_GetFlagStatus                       0x080003c7   Thumb Code    22  stm32f10x_exti.o(.text)
    EXTI_ClearFlag                           0x080003dd   Thumb Code     8  stm32f10x_exti.o(.text)
    EXTI_GetITStatus                         0x080003e5   Thumb Code    34  stm32f10x_exti.o(.text)
    EXTI_ClearITPendingBit                   0x08000407   Thumb Code     8  stm32f10x_exti.o(.text)
    GPIO_DeInit                              0x08000419   Thumb Code   172  stm32f10x_gpio.o(.text)
    GPIO_AFIODeInit                          0x080004c5   Thumb Code    20  stm32f10x_gpio.o(.text)
    GPIO_Init                                0x080004d9   Thumb Code   278  stm32f10x_gpio.o(.text)
    GPIO_StructInit                          0x080005ef   Thumb Code    16  stm32f10x_gpio.o(.text)
    GPIO_ReadInputDataBit                    0x080005ff   Thumb Code    18  stm32f10x_gpio.o(.text)
    GPIO_ReadInputData                       0x08000611   Thumb Code     8  stm32f10x_gpio.o(.text)
    GPIO_ReadOutputDataBit                   0x08000619   Thumb Code    18  stm32f10x_gpio.o(.text)
    GPIO_ReadOutputData                      0x0800062b   Thumb Code     8  stm32f10x_gpio.o(.text)
    GPIO_SetBits                             0x08000633   Thumb Code     4  stm32f10x_gpio.o(.text)
    GPIO_ResetBits                           0x08000637   Thumb Code     4  stm32f10x_gpio.o(.text)
    GPIO_WriteBit                            0x0800063b   Thumb Code    10  stm32f10x_gpio.o(.text)
    GPIO_Write                               0x08000645   Thumb Code     4  stm32f10x_gpio.o(.text)
    GPIO_PinLockConfig                       0x08000649   Thumb Code    18  stm32f10x_gpio.o(.text)
    GPIO_EventOutputConfig                   0x0800065b   Thumb Code    26  stm32f10x_gpio.o(.text)
    GPIO_EventOutputCmd                      0x08000675   Thumb Code     6  stm32f10x_gpio.o(.text)
    GPIO_PinRemapConfig                      0x0800067b   Thumb Code   138  stm32f10x_gpio.o(.text)
    GPIO_EXTILineConfig                      0x08000705   Thumb Code    66  stm32f10x_gpio.o(.text)
    GPIO_ETH_MediaInterfaceConfig            0x08000747   Thumb Code     8  stm32f10x_gpio.o(.text)
    RCC_DeInit                               0x08000775   Thumb Code    64  stm32f10x_rcc.o(.text)
    RCC_HSEConfig                            0x080007b5   Thumb Code    70  stm32f10x_rcc.o(.text)
    RCC_GetFlagStatus                        0x080007fb   Thumb Code    56  stm32f10x_rcc.o(.text)
    RCC_WaitForHSEStartUp                    0x08000833   Thumb Code    56  stm32f10x_rcc.o(.text)
    RCC_AdjustHSICalibrationValue            0x0800086b   Thumb Code    20  stm32f10x_rcc.o(.text)
    RCC_HSICmd                               0x0800087f   Thumb Code     6  stm32f10x_rcc.o(.text)
    RCC_PLLConfig                            0x08000885   Thumb Code    24  stm32f10x_rcc.o(.text)
    RCC_PLLCmd                               0x0800089d   Thumb Code     6  stm32f10x_rcc.o(.text)
    RCC_SYSCLKConfig                         0x080008a3   Thumb Code    18  stm32f10x_rcc.o(.text)
    RCC_GetSYSCLKSource                      0x080008b5   Thumb Code    10  stm32f10x_rcc.o(.text)
    RCC_HCLKConfig                           0x080008bf   Thumb Code    18  stm32f10x_rcc.o(.text)
    RCC_PCLK1Config                          0x080008d1   Thumb Code    18  stm32f10x_rcc.o(.text)
    RCC_PCLK2Config                          0x080008e3   Thumb Code    20  stm32f10x_rcc.o(.text)
    RCC_ITConfig                             0x080008f7   Thumb Code    26  stm32f10x_rcc.o(.text)
    RCC_USBCLKConfig                         0x08000911   Thumb Code     8  stm32f10x_rcc.o(.text)
    RCC_ADCCLKConfig                         0x08000919   Thumb Code    18  stm32f10x_rcc.o(.text)
    RCC_LSEConfig                            0x0800092b   Thumb Code    50  stm32f10x_rcc.o(.text)
    RCC_LSICmd                               0x0800095d   Thumb Code     6  stm32f10x_rcc.o(.text)
    RCC_RTCCLKConfig                         0x08000963   Thumb Code    12  stm32f10x_rcc.o(.text)
    RCC_RTCCLKCmd                            0x0800096f   Thumb Code     8  stm32f10x_rcc.o(.text)
    RCC_GetClocksFreq                        0x08000977   Thumb Code   192  stm32f10x_rcc.o(.text)
    RCC_AHBPeriphClockCmd                    0x08000a37   Thumb Code    26  stm32f10x_rcc.o(.text)
    RCC_APB2PeriphClockCmd                   0x08000a51   Thumb Code    26  stm32f10x_rcc.o(.text)
    RCC_APB1PeriphClockCmd                   0x08000a6b   Thumb Code    26  stm32f10x_rcc.o(.text)
    RCC_APB2PeriphResetCmd                   0x08000a85   Thumb Code    26  stm32f10x_rcc.o(.text)
    RCC_APB1PeriphResetCmd                   0x08000a9f   Thumb Code    26  stm32f10x_rcc.o(.text)
    RCC_BackupResetCmd                       0x08000ab9   Thumb Code     8  stm32f10x_rcc.o(.text)
    RCC_ClockSecuritySystemCmd               0x08000ac1   Thumb Code     6  stm32f10x_rcc.o(.text)
    RCC_MCOConfig                            0x08000ac7   Thumb Code     6  stm32f10x_rcc.o(.text)
    RCC_ClearFlag                            0x08000acd   Thumb Code    14  stm32f10x_rcc.o(.text)
    RCC_GetITStatus                          0x08000adb   Thumb Code    20  stm32f10x_rcc.o(.text)
    RCC_ClearITPendingBit                    0x08000aef   Thumb Code     6  stm32f10x_rcc.o(.text)
    TIM_DeInit                               0x08000b19   Thumb Code   424  stm32f10x_tim.o(.text)
    TIM_TimeBaseInit                         0x08000cc1   Thumb Code   122  stm32f10x_tim.o(.text)
    TIM_OC1Init                              0x08000d3b   Thumb Code   132  stm32f10x_tim.o(.text)
    TIM_OC2Init                              0x08000dbf   Thumb Code   154  stm32f10x_tim.o(.text)
    TIM_OC3Init                              0x08000e59   Thumb Code   150  stm32f10x_tim.o(.text)
    TIM_OC4Init                              0x08000eef   Thumb Code   182  stm32f10x_tim.o(.text)
    TIM_SetIC4Prescaler                      0x08000fa5   Thumb Code    26  stm32f10x_tim.o(.text)
    TIM_SetIC3Prescaler                      0x08001041   Thumb Code    18  stm32f10x_tim.o(.text)
    TIM_SetIC2Prescaler                      0x080010cd   Thumb Code    26  stm32f10x_tim.o(.text)
    TIM_SetIC1Prescaler                      0x08001169   Thumb Code    18  stm32f10x_tim.o(.text)
    TIM_ICInit                               0x080011e7   Thumb Code   150  stm32f10x_tim.o(.text)
    TIM_PWMIConfig                           0x0800127d   Thumb Code   124  stm32f10x_tim.o(.text)
    TIM_BDTRConfig                           0x080012f9   Thumb Code    32  stm32f10x_tim.o(.text)
    TIM_TimeBaseStructInit                   0x08001319   Thumb Code    18  stm32f10x_tim.o(.text)
    TIM_OCStructInit                         0x0800132b   Thumb Code    20  stm32f10x_tim.o(.text)
    TIM_ICStructInit                         0x0800133f   Thumb Code    18  stm32f10x_tim.o(.text)
    TIM_BDTRStructInit                       0x08001351   Thumb Code    40  stm32f10x_tim.o(.text)
    TIM_Cmd                                  0x08001379   Thumb Code    24  stm32f10x_tim.o(.text)
    TIM_CtrlPWMOutputs                       0x08001391   Thumb Code    30  stm32f10x_tim.o(.text)
    TIM_ITConfig                             0x080013af   Thumb Code    18  stm32f10x_tim.o(.text)
    TIM_GenerateEvent                        0x080013c1   Thumb Code     4  stm32f10x_tim.o(.text)
    TIM_DMAConfig                            0x080013c5   Thumb Code    10  stm32f10x_tim.o(.text)
    TIM_DMACmd                               0x080013cf   Thumb Code    18  stm32f10x_tim.o(.text)
    TIM_InternalClockConfig                  0x080013e1   Thumb Code    12  stm32f10x_tim.o(.text)
    TIM_SelectInputTrigger                   0x080013ed   Thumb Code    18  stm32f10x_tim.o(.text)
    TIM_ITRxExternalClockConfig              0x080013ff   Thumb Code    24  stm32f10x_tim.o(.text)
    TIM_TIxExternalClockConfig               0x08001417   Thumb Code    62  stm32f10x_tim.o(.text)
    TIM_ETRConfig                            0x08001455   Thumb Code    28  stm32f10x_tim.o(.text)
    TIM_ETRClockMode1Config                  0x08001471   Thumb Code    54  stm32f10x_tim.o(.text)
    TIM_ETRClockMode2Config                  0x080014a7   Thumb Code    32  stm32f10x_tim.o(.text)
    TIM_PrescalerConfig                      0x080014c7   Thumb Code     6  stm32f10x_tim.o(.text)
    TIM_CounterModeConfig                    0x080014cd   Thumb Code    18  stm32f10x_tim.o(.text)
    TIM_EncoderInterfaceConfig               0x080014df   Thumb Code    66  stm32f10x_tim.o(.text)
    TIM_ForcedOC1Config                      0x08001521   Thumb Code    18  stm32f10x_tim.o(.text)
    TIM_ForcedOC2Config                      0x08001533   Thumb Code    26  stm32f10x_tim.o(.text)
    TIM_ForcedOC3Config                      0x0800154d   Thumb Code    18  stm32f10x_tim.o(.text)
    TIM_ForcedOC4Config                      0x0800155f   Thumb Code    26  stm32f10x_tim.o(.text)
    TIM_ARRPreloadConfig                     0x08001579   Thumb Code    24  stm32f10x_tim.o(.text)
    TIM_SelectCOM                            0x08001591   Thumb Code    24  stm32f10x_tim.o(.text)
    TIM_SelectCCDMA                          0x080015a9   Thumb Code    24  stm32f10x_tim.o(.text)
    TIM_CCPreloadControl                     0x080015c1   Thumb Code    24  stm32f10x_tim.o(.text)
    TIM_OC1PreloadConfig                     0x080015d9   Thumb Code    18  stm32f10x_tim.o(.text)
    TIM_OC2PreloadConfig                     0x080015eb   Thumb Code    26  stm32f10x_tim.o(.text)
    TIM_OC3PreloadConfig                     0x08001605   Thumb Code    18  stm32f10x_tim.o(.text)
    TIM_OC4PreloadConfig                     0x08001617   Thumb Code    26  stm32f10x_tim.o(.text)
    TIM_OC1FastConfig                        0x08001631   Thumb Code    18  stm32f10x_tim.o(.text)
    TIM_OC2FastConfig                        0x08001643   Thumb Code    26  stm32f10x_tim.o(.text)
    TIM_OC3FastConfig                        0x0800165d   Thumb Code    18  stm32f10x_tim.o(.text)
    TIM_OC4FastConfig                        0x0800166f   Thumb Code    26  stm32f10x_tim.o(.text)
    TIM_ClearOC1Ref                          0x08001689   Thumb Code    18  stm32f10x_tim.o(.text)
    TIM_ClearOC2Ref                          0x0800169b   Thumb Code    24  stm32f10x_tim.o(.text)
    TIM_ClearOC3Ref                          0x080016b3   Thumb Code    18  stm32f10x_tim.o(.text)
    TIM_ClearOC4Ref                          0x080016c5   Thumb Code    24  stm32f10x_tim.o(.text)
    TIM_OC1PolarityConfig                    0x080016dd   Thumb Code    18  stm32f10x_tim.o(.text)
    TIM_OC1NPolarityConfig                   0x080016ef   Thumb Code    18  stm32f10x_tim.o(.text)
    TIM_OC2PolarityConfig                    0x08001701   Thumb Code    26  stm32f10x_tim.o(.text)
    TIM_OC2NPolarityConfig                   0x0800171b   Thumb Code    26  stm32f10x_tim.o(.text)
    TIM_OC3PolarityConfig                    0x08001735   Thumb Code    26  stm32f10x_tim.o(.text)
    TIM_OC3NPolarityConfig                   0x0800174f   Thumb Code    26  stm32f10x_tim.o(.text)
    TIM_OC4PolarityConfig                    0x08001769   Thumb Code    26  stm32f10x_tim.o(.text)
    TIM_CCxCmd                               0x08001783   Thumb Code    30  stm32f10x_tim.o(.text)
    TIM_CCxNCmd                              0x080017a1   Thumb Code    30  stm32f10x_tim.o(.text)
    TIM_SelectOCxM                           0x080017bf   Thumb Code    82  stm32f10x_tim.o(.text)
    TIM_UpdateDisableConfig                  0x08001811   Thumb Code    24  stm32f10x_tim.o(.text)
    TIM_UpdateRequestConfig                  0x08001829   Thumb Code    24  stm32f10x_tim.o(.text)
    TIM_SelectHallSensor                     0x08001841   Thumb Code    24  stm32f10x_tim.o(.text)
    TIM_SelectOnePulseMode                   0x08001859   Thumb Code    18  stm32f10x_tim.o(.text)
    TIM_SelectOutputTrigger                  0x0800186b   Thumb Code    18  stm32f10x_tim.o(.text)
    TIM_SelectSlaveMode                      0x0800187d   Thumb Code    18  stm32f10x_tim.o(.text)
    TIM_SelectMasterSlaveMode                0x0800188f   Thumb Code    18  stm32f10x_tim.o(.text)
    TIM_SetCounter                           0x080018a1   Thumb Code     4  stm32f10x_tim.o(.text)
    TIM_SetAutoreload                        0x080018a5   Thumb Code     4  stm32f10x_tim.o(.text)
    TIM_SetCompare1                          0x080018a9   Thumb Code     4  stm32f10x_tim.o(.text)
    TIM_SetCompare2                          0x080018ad   Thumb Code     4  stm32f10x_tim.o(.text)
    TIM_SetCompare3                          0x080018b1   Thumb Code     4  stm32f10x_tim.o(.text)
    TIM_SetCompare4                          0x080018b5   Thumb Code     6  stm32f10x_tim.o(.text)
    TIM_SetClockDivision                     0x080018bb   Thumb Code    18  stm32f10x_tim.o(.text)
    TIM_GetCapture1                          0x080018cd   Thumb Code     6  stm32f10x_tim.o(.text)
    TIM_GetCapture2                          0x080018d3   Thumb Code     6  stm32f10x_tim.o(.text)
    TIM_GetCapture3                          0x080018d9   Thumb Code     6  stm32f10x_tim.o(.text)
    TIM_GetCapture4                          0x080018df   Thumb Code     8  stm32f10x_tim.o(.text)
    TIM_GetCounter                           0x080018e7   Thumb Code     6  stm32f10x_tim.o(.text)
    TIM_GetPrescaler                         0x080018ed   Thumb Code     6  stm32f10x_tim.o(.text)
    TIM_GetFlagStatus                        0x080018f3   Thumb Code    18  stm32f10x_tim.o(.text)
    TIM_ClearFlag                            0x08001905   Thumb Code     6  stm32f10x_tim.o(.text)
    TIM_GetITStatus                          0x0800190b   Thumb Code    34  stm32f10x_tim.o(.text)
    TIM_ClearITPendingBit                    0x0800192d   Thumb Code     6  stm32f10x_tim.o(.text)
    USART_DeInit                             0x08001935   Thumb Code   134  stm32f10x_usart.o(.text)
    USART_Init                               0x080019bb   Thumb Code   210  stm32f10x_usart.o(.text)
    USART_StructInit                         0x08001a8d   Thumb Code    24  stm32f10x_usart.o(.text)
    USART_ClockInit                          0x08001aa5   Thumb Code    34  stm32f10x_usart.o(.text)
    USART_ClockStructInit                    0x08001ac7   Thumb Code    12  stm32f10x_usart.o(.text)
    USART_Cmd                                0x08001ad3   Thumb Code    24  stm32f10x_usart.o(.text)
    USART_ITConfig                           0x08001aeb   Thumb Code    74  stm32f10x_usart.o(.text)
    USART_DMACmd                             0x08001b35   Thumb Code    18  stm32f10x_usart.o(.text)
    USART_SetAddress                         0x08001b47   Thumb Code    18  stm32f10x_usart.o(.text)
    USART_WakeUpConfig                       0x08001b59   Thumb Code    18  stm32f10x_usart.o(.text)
    USART_ReceiverWakeUpCmd                  0x08001b6b   Thumb Code    24  stm32f10x_usart.o(.text)
    USART_LINBreakDetectLengthConfig         0x08001b83   Thumb Code    18  stm32f10x_usart.o(.text)
    USART_LINCmd                             0x08001b95   Thumb Code    24  stm32f10x_usart.o(.text)
    USART_SendData                           0x08001bad   Thumb Code     8  stm32f10x_usart.o(.text)
    USART_ReceiveData                        0x08001bb5   Thumb Code    10  stm32f10x_usart.o(.text)
    USART_SendBreak                          0x08001bbf   Thumb Code    10  stm32f10x_usart.o(.text)
    USART_SetGuardTime                       0x08001bc9   Thumb Code    16  stm32f10x_usart.o(.text)
    USART_SetPrescaler                       0x08001bd9   Thumb Code    16  stm32f10x_usart.o(.text)
    USART_SmartCardCmd                       0x08001be9   Thumb Code    24  stm32f10x_usart.o(.text)
    USART_SmartCardNACKCmd                   0x08001c01   Thumb Code    24  stm32f10x_usart.o(.text)
    USART_HalfDuplexCmd                      0x08001c19   Thumb Code    24  stm32f10x_usart.o(.text)
    USART_OverSampling8Cmd                   0x08001c31   Thumb Code    22  stm32f10x_usart.o(.text)
    USART_OneBitMethodCmd                    0x08001c47   Thumb Code    24  stm32f10x_usart.o(.text)
    USART_IrDAConfig                         0x08001c5f   Thumb Code    18  stm32f10x_usart.o(.text)
    USART_IrDACmd                            0x08001c71   Thumb Code    24  stm32f10x_usart.o(.text)
    USART_GetFlagStatus                      0x08001c89   Thumb Code    26  stm32f10x_usart.o(.text)
    USART_ClearFlag                          0x08001ca3   Thumb Code    18  stm32f10x_usart.o(.text)
    USART_GetITStatus                        0x08001cb5   Thumb Code    84  stm32f10x_usart.o(.text)
    USART_ClearITPendingBit                  0x08001d09   Thumb Code    52  stm32f10x_usart.o(.text)
    delay_init                               0x08001d3d   Thumb Code    52  delay.o(.text)
    delay_ms                                 0x08001d71   Thumb Code    56  delay.o(.text)
    delay_us                                 0x08001da9   Thumb Code    56  delay.o(.text)
    delay_s                                  0x08001de1   Thumb Code    22  delay.o(.text)
    Modbus_CRC16                             0x08001e01   Thumb Code    48  sys.o(.text)
    WFI_SET                                  0x08001e31   Thumb Code     4  sys.o(.text)
    INTX_DISABLE                             0x08001e35   Thumb Code     4  sys.o(.text)
    INTX_ENABLE                              0x08001e39   Thumb Code     4  sys.o(.text)
    Check_XOR                                0x08001e3d   Thumb Code    26  sys.o(.text)
    Check_NC                                 0x08001e57   Thumb Code    28  sys.o(.text)
    Timer_Init                               0x08001e7d   Thumb Code    98  timer.o(.text)
    TIM4_IRQHandler                          0x08001edf   Thumb Code    32  timer.o(.text)
    Set_Timer_Msg                            0x08001eff   Thumb Code    24  timer.o(.text)
    Clear_Timer_Msg                          0x08001f17   Thumb Code    10  timer.o(.text)
    Timer_Msg                                0x08001f21   Thumb Code    64  timer.o(.text)
    _sys_exit                                0x08001f6d   Thumb Code     6  usart.o(.text)
    fputc                                    0x08001f73   Thumb Code    24  usart.o(.text)
    uart5_init                               0x08001f8b   Thumb Code   170  usart.o(.text)
    uart4_init                               0x08002035   Thumb Code   172  usart.o(.text)
    uart_init                                0x080020e1   Thumb Code    20  usart.o(.text)
    USART4_Timer_CallBack                    0x080020f5   Thumb Code    14  usart.o(.text)
    UART4_IRQHandler                         0x08002103   Thumb Code    90  usart.o(.text)
    USART4_Send_Data                         0x0800215d   Thumb Code    42  usart.o(.text)
    USART4_Set_BaudRate                      0x08002187   Thumb Code   114  usart.o(.text)
    USART5_Timer_CallBack                    0x080021f9   Thumb Code    14  usart.o(.text)
    UART5_IRQHandler                         0x08002207   Thumb Code    96  usart.o(.text)
    USART5_Send_Data                         0x08002267   Thumb Code    42  usart.o(.text)
    Key_Init                                 0x080022b9   Thumb Code   116  key.o(.text)
    Led_Init                                 0x08002331   Thumb Code    46  led.o(.text)
    Led_On                                   0x0800235f   Thumb Code    12  led.o(.text)
    Led_Off                                  0x0800236b   Thumb Code    12  led.o(.text)
    IIC_Init                                 0x0800237d   Thumb Code    46  24cxx.o(.text)
    IIC_Start                                0x080023ab   Thumb Code    64  24cxx.o(.text)
    IIC_Stop                                 0x080023eb   Thumb Code    66  24cxx.o(.text)
    IIC_Wait_Ack                             0x0800242d   Thumb Code    90  24cxx.o(.text)
    IIC_Ack                                  0x08002487   Thumb Code    70  24cxx.o(.text)
    IIC_NAck                                 0x080024cd   Thumb Code    70  24cxx.o(.text)
    IIC_Send_Byte                            0x08002513   Thumb Code   104  24cxx.o(.text)
    IIC_Read_Byte                            0x0800257b   Thumb Code   122  24cxx.o(.text)
    AT24CXX_Init                             0x080025f5   Thumb Code     8  24cxx.o(.text)
    AT24CXX_ReadOneByte                      0x080025fd   Thumb Code   118  24cxx.o(.text)
    AT24CXX_WriteOneByte                     0x08002673   Thumb Code    94  24cxx.o(.text)
    AT24CXX_WriteLenByte                     0x080026d1   Thumb Code    42  24cxx.o(.text)
    AT24CXX_ReadLenByte                      0x080026fb   Thumb Code    44  24cxx.o(.text)
    Wifi_Cmd_PASSTHROUGH                     0x08002735   Thumb Code    84  wifi.o(.text)
    Wifi_Cmd_AT                              0x08002789   Thumb Code    20  wifi.o(.text)
    WIfi_Device_Reset                        0x0800279d   Thumb Code    30  wifi.o(.text)
    HAL_Reset_Wifi                           0x080027bb   Thumb Code    18  wifi.o(.text)
    Wifi_Wait_Rec_Timer_CallBack             0x080027cd   Thumb Code   124  wifi.o(.text)
    Wifi_SendCMD                             0x08002849   Thumb Code    82  wifi.o(.text)
    Wifi_Cmd_CIPSEND                         0x0800289b   Thumb Code    30  wifi.o(.text)
    Wifi_Cmd_CIPMODE                         0x080028b9   Thumb Code    30  wifi.o(.text)
    Wifi_Cmd_CIPSTART                        0x080028d7   Thumb Code    38  wifi.o(.text)
    Wifi_Cmd_CWJAP                           0x080028fd   Thumb Code    38  wifi.o(.text)
    Wifi_Cmd_CWMODE                          0x08002923   Thumb Code    20  wifi.o(.text)
    Wifi_Cmd_ATE0                            0x08002937   Thumb Code    20  wifi.o(.text)
    Wifi_Cmd_RST                             0x0800294b   Thumb Code    36  wifi.o(.text)
    Wifi_Heartbeat_Process                   0x0800296f   Thumb Code   114  wifi.o(.text)
    Wifi_Cmd_End                             0x080029e1   Thumb Code    50  wifi.o(.text)
    HAL_Wifi_Process                         0x08002a13   Thumb Code  1008  wifi.o(.text)
    HAL_Wifi_SendProcess                     0x08002e03   Thumb Code    92  wifi.o(.text)
    HAL_Wifi_Init                            0x08002e5f   Thumb Code   120  wifi.o(.text)
    HAL_Wifi_SetRecData                      0x08002ed7   Thumb Code    32  wifi.o(.text)
    HAL_Wifi_SendData                        0x08002ef7   Thumb Code    66  wifi.o(.text)
    HAL_SerialPort_Process                   0x08003031   Thumb Code    52  serialport.o(.text)
    Protocol_OverTime_Process                0x0800306d   Thumb Code    48  protocol.o(.text)
    Protocol_Process                         0x0800309d   Thumb Code   118  protocol.o(.text)
    Protocol_SerToRCU_Data                   0x08003113   Thumb Code   462  protocol.o(.text)
    RCU_To_Ser_Response                      0x080034c9   Thumb Code   112  serrcu.o(.text)
    RCU_To_Ser_Report                        0x08003539   Thumb Code    84  serrcu.o(.text)
    RCU_To_Ser_Busy                          0x0800358d   Thumb Code    50  serrcu.o(.text)
    RCU_To_Ser_RepeatFrame                   0x080035bf   Thumb Code    50  serrcu.o(.text)
    SRP_Set_DeviceID                         0x080035f1   Thumb Code    56  serrcu.o(.text)
    SRP_System_Restart                       0x08003629   Thumb Code    36  serrcu.o(.text)
    SRP_Read_DeviceID                        0x0800364d   Thumb Code    38  serrcu.o(.text)
    SRP_Set_Zigbee_Channel                   0x08003673   Thumb Code    12  serrcu.o(.text)
    SRP_Read_Zigbee_Channel                  0x0800367f   Thumb Code    12  serrcu.o(.text)
    SRP_Set_Server_Info                      0x0800368b   Thumb Code    98  serrcu.o(.text)
    System_Reset                             0x080037a9   Thumb Code    48  main.o(.text)
    Key_Down_End                             0x080037d9   Thumb Code    30  main.o(.text)
    Key_Long_Press                           0x080037f7   Thumb Code    80  main.o(.text)
    EXTI9_5_IRQHandler                       0x08003847   Thumb Code    82  main.o(.text)
    Goip_All_Init                            0x08003899   Thumb Code    56  main.o(.text)
    main                                     0x080038d1   Thumb Code   124  main.o(.text)
    NMI_Handler                              0x080039ed   Thumb Code     2  stm32f10x_it.o(.text)
    HardFault_Handler                        0x080039ef   Thumb Code     4  stm32f10x_it.o(.text)
    MemManage_Handler                        0x080039f3   Thumb Code     4  stm32f10x_it.o(.text)
    BusFault_Handler                         0x080039f7   Thumb Code     4  stm32f10x_it.o(.text)
    UsageFault_Handler                       0x080039fb   Thumb Code     4  stm32f10x_it.o(.text)
    SVC_Handler                              0x080039ff   Thumb Code     2  stm32f10x_it.o(.text)
    DebugMon_Handler                         0x08003a01   Thumb Code     2  stm32f10x_it.o(.text)
    PendSV_Handler                           0x08003a03   Thumb Code     2  stm32f10x_it.o(.text)
    SysTick_Handler                          0x08003a05   Thumb Code     2  stm32f10x_it.o(.text)
    SystemInit                               0x08003ae7   Thumb Code    78  system_stm32f10x.o(.text)
    SystemCoreClockUpdate                    0x08003b35   Thumb Code   142  system_stm32f10x.o(.text)
    EPFile_Save_DeviceID                     0x08003be9   Thumb Code    26  epfile.o(.text)
    EPFile_Save_AP_SSID                      0x08003c03   Thumb Code    46  epfile.o(.text)
    EPFile_Save_AP_PassWord                  0x08003c31   Thumb Code    46  epfile.o(.text)
    EPFile_Save_SERVER_IP                    0x08003c5f   Thumb Code    46  epfile.o(.text)
    EPFile_Save_SERVER_Port                  0x08003c8d   Thumb Code    46  epfile.o(.text)
    EPFile_Init                              0x08003cbb   Thumb Code   354  epfile.o(.text)
    UserMsg_LockOpen                         0x08003e85   Thumb Code     2  usermsg.o(.text)
    UserMsg_Add                              0x08003e87   Thumb Code    86  usermsg.o(.text)
    UserMsg_Process                          0x08003edd   Thumb Code   158  usermsg.o(.text)
    UserMsg_Init                             0x08003f7b   Thumb Code    24  usermsg.o(.text)
    __use_no_semihosting                     0x08003fe1   Thumb Code     2  use_no_semi_2.o(.text)
    __2printf                                0x08003fe5   Thumb Code    20  noretval__2printf.o(.text)
    __2sprintf                               0x08003ffd   Thumb Code    34  noretval__2sprintf.o(.text)
    __printf                                 0x08004025   Thumb Code   104  __printf.o(.text)
    _printf_str                              0x0800408d   Thumb Code    82  _printf_str.o(.text)
    _printf_int_dec                          0x080040e1   Thumb Code   104  _printf_dec.o(.text)
    _printf_int_hex                          0x08004159   Thumb Code    84  _printf_hex_int.o(.text)
    _printf_longlong_hex                     0x08004159   Thumb Code     0  _printf_hex_int.o(.text)
    strstr                                   0x080041b1   Thumb Code    36  strstr.o(.text)
    memcmp                                   0x080041d5   Thumb Code    88  memcmp.o(.text)
    strcpy                                   0x0800422d   Thumb Code    72  strcpy.o(.text)
    strlen                                   0x08004275   Thumb Code    62  strlen.o(.text)
    __aeabi_memcpy                           0x080042b3   Thumb Code     0  rt_memcpy_v6.o(.text)
    __rt_memcpy                              0x080042b3   Thumb Code   138  rt_memcpy_v6.o(.text)
    _memcpy_lastbytes                        0x08004319   Thumb Code     0  rt_memcpy_v6.o(.text)
    __aeabi_memclr                           0x0800433d   Thumb Code     0  rt_memclr.o(.text)
    __rt_memclr                              0x0800433d   Thumb Code    68  rt_memclr.o(.text)
    _memset                                  0x08004341   Thumb Code     0  rt_memclr.o(.text)
    __use_two_region_memory                  0x08004381   Thumb Code     2  heapauxi.o(.text)
    __rt_heap_escrow$2region                 0x08004383   Thumb Code     2  heapauxi.o(.text)
    __rt_heap_expand$2region                 0x08004385   Thumb Code     2  heapauxi.o(.text)
    __I$use$semihosting                      0x08004387   Thumb Code     0  use_no_semi.o(.text)
    __use_no_semihosting_swi                 0x08004387   Thumb Code     2  use_no_semi.o(.text)
    _printf_int_common                       0x08004389   Thumb Code   178  _printf_intcommon.o(.text)
    _printf_char_common                      0x08004447   Thumb Code    32  _printf_char_common.o(.text)
    _sputc                                   0x0800446d   Thumb Code    10  _sputc.o(.text)
    _printf_cs_common                        0x08004477   Thumb Code    20  _printf_char.o(.text)
    _printf_char                             0x0800448b   Thumb Code    16  _printf_char.o(.text)
    _printf_string                           0x0800449b   Thumb Code     8  _printf_char.o(.text)
    _printf_char_file                        0x080044a5   Thumb Code    32  _printf_char_file.o(.text)
    __aeabi_memcpy4                          0x080044c9   Thumb Code     0  rt_memcpy_w.o(.text)
    __aeabi_memcpy8                          0x080044c9   Thumb Code     0  rt_memcpy_w.o(.text)
    __rt_memcpy_w                            0x080044c9   Thumb Code   100  rt_memcpy_w.o(.text)
    _memcpy_lastbytes_aligned                0x08004511   Thumb Code     0  rt_memcpy_w.o(.text)
    __aeabi_memclr4                          0x0800452d   Thumb Code     0  rt_memclr_w.o(.text)
    __aeabi_memclr8                          0x0800452d   Thumb Code     0  rt_memclr_w.o(.text)
    __rt_memclr_w                            0x0800452d   Thumb Code    78  rt_memclr_w.o(.text)
    _memset_w                                0x08004531   Thumb Code     0  rt_memclr_w.o(.text)
    ferror                                   0x0800457b   Thumb Code     8  ferror.o(.text)
    __user_setup_stackheap                   0x08004583   Thumb Code    74  sys_stackheap_outer.o(.text)
    exit                                     0x080045cd   Thumb Code    12  exit.o(.text)
    __user_libspace                          0x080045d9   Thumb Code     8  libspace.o(.text)
    __user_perproc_libspace                  0x080045d9   Thumb Code     0  libspace.o(.text)
    __user_perthread_libspace                0x080045d9   Thumb Code     0  libspace.o(.text)
    __aeabi_fadd                             0x080045e1   Thumb Code     0  faddsub_clz.o(x$fpl$fadd)
    _fadd                                    0x080045e1   Thumb Code   196  faddsub_clz.o(x$fpl$fadd)
    __aeabi_fdiv                             0x080046a5   Thumb Code     0  fdiv.o(x$fpl$fdiv)
    _fdiv                                    0x080046a5   Thumb Code   384  fdiv.o(x$fpl$fdiv)
    __aeabi_f2uiz                            0x08004829   Thumb Code     0  ffixu.o(x$fpl$ffixu)
    _ffixu                                   0x08004829   Thumb Code    62  ffixu.o(x$fpl$ffixu)
    __aeabi_ui2f                             0x08004869   Thumb Code     0  fflt_clz.o(x$fpl$ffltu)
    _ffltu                                   0x08004869   Thumb Code    38  fflt_clz.o(x$fpl$ffltu)
    __aeabi_fmul                             0x08004891   Thumb Code     0  fmul.o(x$fpl$fmul)
    _fmul                                    0x08004891   Thumb Code   258  fmul.o(x$fpl$fmul)
    __fpl_fnaninf                            0x08004993   Thumb Code   140  fnaninf.o(x$fpl$fnaninf)
    __fpl_fretinf                            0x08004a1f   Thumb Code    10  fretinf.o(x$fpl$fretinf)
    __aeabi_frsub                            0x08004a29   Thumb Code     0  faddsub_clz.o(x$fpl$frsb)
    _frsb                                    0x08004a29   Thumb Code    20  faddsub_clz.o(x$fpl$frsb)
    __aeabi_fsub                             0x08004a3d   Thumb Code     0  faddsub_clz.o(x$fpl$fsub)
    _fsub                                    0x08004a3d   Thumb Code   234  faddsub_clz.o(x$fpl$fsub)
    __I$use$fp                               0x08004b26   Number         0  usenofp.o(x$fpl$usenofp)
    Region$$Table$$Base                      0x08004e84   Number         0  anon$$obj.o(Region$$Table)
    Region$$Table$$Limit                     0x08004ea4   Number         0  anon$$obj.o(Region$$Table)
    __stdout                                 0x2000001c   Data           4  usart.o(.data)
    USART4_RX_STA                            0x20000020   Data           2  usart.o(.data)
    USART4_RX_TIMER                          0x20000022   Data           1  usart.o(.data)
    USART5_RX_STA                            0x20000024   Data           2  usart.o(.data)
    USART5_RX_TIMER                          0x20000026   Data           1  usart.o(.data)
    DEVICE_ID                                0x2000004c   Data           4  main.o(.data)
    SystemCoreClock                          0x20000058   Data           4  system_stm32f10x.o(.data)
    AHBPrescTable                            0x2000005c   Data          16  system_stm32f10x.o(.data)
    USART4_RX_BUF                            0x2000010c   Data          64  usart.o(.bss)
    USART5_RX_BUF                            0x2000014c   Data          64  usart.o(.bss)
    Protocol_Frames                          0x20000458   Data         228  protocol.o(.bss)
    Protocol_Buf                             0x2000053c   Data         100  protocol.o(.bss)
    WIfI_AP_SSID                             0x200005a0   Data          30  main.o(.bss)
    WIfI_AP_PASSWORD                         0x200005be   Data          30  main.o(.bss)
    WIfI_SERVER_IP                           0x200005dc   Data          20  main.o(.bss)
    WIfI_SERVER_PORT                         0x200005f0   Data          10  main.o(.bss)
    __libspace_start                         0x20000730   Data          96  libspace.o(.bss)
    __temporary_stack_top$libspace           0x20000790   Data           0  libspace.o(.bss)



==============================================================================

Memory Map of the image

  Image Entry point : 0x08000131

  Load Region LR_IROM1 (Base: 0x08000000, Size: 0x00004f10, Max: 0x00040000, ABSOLUTE)

    Execution Region ER_IROM1 (Base: 0x08000000, Size: 0x00004ea4, Max: 0x00040000, ABSOLUTE)

    Base Addr    Size         Type   Attr      Idx    E Section Name        Object

    0x08000000   0x00000130   Data   RO           19    RESET               startup_stm32f10x_hd.o
    0x08000130   0x00000008   Code   RO          875  * !!!main             c_w.l(__main.o)
    0x08000138   0x00000034   Code   RO         1077    !!!scatter          c_w.l(__scatter.o)
    0x0800016c   0x0000001a   Code   RO         1079    !!handler_copy      c_w.l(__scatter_copy.o)
    0x08000186   0x00000002   PAD
    0x08000188   0x0000001c   Code   RO         1081    !!handler_zi        c_w.l(__scatter_zi.o)
    0x080001a4   0x00000000   Code   RO          860    .ARM.Collect$$_printf_percent$$00000000  c_w.l(_printf_percent.o)
    0x080001a4   0x00000006   Code   RO          859    .ARM.Collect$$_printf_percent$$00000009  c_w.l(_printf_d.o)
    0x080001aa   0x00000006   Code   RO          858    .ARM.Collect$$_printf_percent$$0000000C  c_w.l(_printf_x.o)
    0x080001b0   0x00000006   Code   RO          857    .ARM.Collect$$_printf_percent$$00000014  c_w.l(_printf_s.o)
    0x080001b6   0x00000004   Code   RO          912    .ARM.Collect$$_printf_percent$$00000017  c_w.l(_printf_percent_end.o)
    0x080001ba   0x00000002   Code   RO          952    .ARM.Collect$$libinit$$00000000  c_w.l(libinit.o)
    0x080001bc   0x00000000   Code   RO          959    .ARM.Collect$$libinit$$00000002  c_w.l(libinit2.o)
    0x080001bc   0x00000000   Code   RO          961    .ARM.Collect$$libinit$$00000004  c_w.l(libinit2.o)
    0x080001bc   0x00000000   Code   RO          964    .ARM.Collect$$libinit$$0000000A  c_w.l(libinit2.o)
    0x080001bc   0x00000000   Code   RO          966    .ARM.Collect$$libinit$$0000000C  c_w.l(libinit2.o)
    0x080001bc   0x00000000   Code   RO          968    .ARM.Collect$$libinit$$0000000E  c_w.l(libinit2.o)
    0x080001bc   0x00000000   Code   RO          971    .ARM.Collect$$libinit$$00000011  c_w.l(libinit2.o)
    0x080001bc   0x00000000   Code   RO          973    .ARM.Collect$$libinit$$00000013  c_w.l(libinit2.o)
    0x080001bc   0x00000000   Code   RO          975    .ARM.Collect$$libinit$$00000015  c_w.l(libinit2.o)
    0x080001bc   0x00000000   Code   RO          977    .ARM.Collect$$libinit$$00000017  c_w.l(libinit2.o)
    0x080001bc   0x00000000   Code   RO          979    .ARM.Collect$$libinit$$00000019  c_w.l(libinit2.o)
    0x080001bc   0x00000000   Code   RO          981    .ARM.Collect$$libinit$$0000001B  c_w.l(libinit2.o)
    0x080001bc   0x00000000   Code   RO          983    .ARM.Collect$$libinit$$0000001D  c_w.l(libinit2.o)
    0x080001bc   0x00000000   Code   RO          985    .ARM.Collect$$libinit$$0000001F  c_w.l(libinit2.o)
    0x080001bc   0x00000000   Code   RO          987    .ARM.Collect$$libinit$$00000021  c_w.l(libinit2.o)
    0x080001bc   0x00000000   Code   RO          989    .ARM.Collect$$libinit$$00000023  c_w.l(libinit2.o)
    0x080001bc   0x00000000   Code   RO          991    .ARM.Collect$$libinit$$00000025  c_w.l(libinit2.o)
    0x080001bc   0x00000000   Code   RO          995    .ARM.Collect$$libinit$$0000002C  c_w.l(libinit2.o)
    0x080001bc   0x00000000   Code   RO          997    .ARM.Collect$$libinit$$0000002E  c_w.l(libinit2.o)
    0x080001bc   0x00000000   Code   RO          999    .ARM.Collect$$libinit$$00000030  c_w.l(libinit2.o)
    0x080001bc   0x00000000   Code   RO         1001    .ARM.Collect$$libinit$$00000032  c_w.l(libinit2.o)
    0x080001bc   0x00000002   Code   RO         1002    .ARM.Collect$$libinit$$00000033  c_w.l(libinit2.o)
    0x080001be   0x00000002   Code   RO         1020    .ARM.Collect$$libshutdown$$00000000  c_w.l(libshutdown.o)
    0x080001c0   0x00000000   Code   RO         1031    .ARM.Collect$$libshutdown$$00000003  c_w.l(libshutdown2.o)
    0x080001c0   0x00000000   Code   RO         1034    .ARM.Collect$$libshutdown$$00000006  c_w.l(libshutdown2.o)
    0x080001c0   0x00000000   Code   RO         1037    .ARM.Collect$$libshutdown$$00000009  c_w.l(libshutdown2.o)
    0x080001c0   0x00000000   Code   RO         1039    .ARM.Collect$$libshutdown$$0000000B  c_w.l(libshutdown2.o)
    0x080001c0   0x00000000   Code   RO         1042    .ARM.Collect$$libshutdown$$0000000E  c_w.l(libshutdown2.o)
    0x080001c0   0x00000002   Code   RO         1043    .ARM.Collect$$libshutdown$$0000000F  c_w.l(libshutdown2.o)
    0x080001c2   0x00000000   Code   RO          901    .ARM.Collect$$rtentry$$00000000  c_w.l(__rtentry.o)
    0x080001c2   0x00000000   Code   RO          923    .ARM.Collect$$rtentry$$00000002  c_w.l(__rtentry2.o)
    0x080001c2   0x00000006   Code   RO          935    .ARM.Collect$$rtentry$$00000004  c_w.l(__rtentry4.o)
    0x080001c8   0x00000000   Code   RO          925    .ARM.Collect$$rtentry$$00000009  c_w.l(__rtentry2.o)
    0x080001c8   0x00000004   Code   RO          926    .ARM.Collect$$rtentry$$0000000A  c_w.l(__rtentry2.o)
    0x080001cc   0x00000000   Code   RO          928    .ARM.Collect$$rtentry$$0000000C  c_w.l(__rtentry2.o)
    0x080001cc   0x00000008   Code   RO          929    .ARM.Collect$$rtentry$$0000000D  c_w.l(__rtentry2.o)
    0x080001d4   0x00000002   Code   RO          956    .ARM.Collect$$rtexit$$00000000  c_w.l(rtexit.o)
    0x080001d6   0x00000000   Code   RO         1004    .ARM.Collect$$rtexit$$00000002  c_w.l(rtexit2.o)
    0x080001d6   0x00000004   Code   RO         1005    .ARM.Collect$$rtexit$$00000003  c_w.l(rtexit2.o)
    0x080001da   0x00000006   Code   RO         1006    .ARM.Collect$$rtexit$$00000004  c_w.l(rtexit2.o)
    0x080001e0   0x00000040   Code   RO           20    .text               startup_stm32f10x_hd.o
    0x08000220   0x000000dc   Code   RO           24    .text               misc.o
    0x080002fc   0x0000011c   Code   RO          215    .text               stm32f10x_exti.o
    0x08000418   0x0000035c   Code   RO          251    .text               stm32f10x_gpio.o
    0x08000774   0x000003a4   Code   RO          299    .text               stm32f10x_rcc.o
    0x08000b18   0x00000e1a   Code   RO          349    .text               stm32f10x_tim.o
    0x08001932   0x00000002   PAD
    0x08001934   0x00000408   Code   RO          361    .text               stm32f10x_usart.o
    0x08001d3c   0x000000c4   Code   RO          385    .text               delay.o
    0x08001e00   0x0000007c   Code   RO          403    .text               sys.o
    0x08001e7c   0x000000f0   Code   RO          423    .text               timer.o
    0x08001f6c   0x0000034c   Code   RO          468    .text               usart.o
    0x080022b8   0x00000078   Code   RO          509    .text               key.o
    0x08002330   0x0000004c   Code   RO          524    .text               led.o
    0x0800237c   0x000003b8   Code   RO          539    .text               24cxx.o
    0x08002734   0x000008fc   Code   RO          554    .text               wifi.o
    0x08003030   0x0000003c   Code   RO          573    .text               serialport.o
    0x0800306c   0x0000045c   Code   RO          595    .text               protocol.o
    0x080034c8   0x000002e0   Code   RO          618    .text               serrcu.o
    0x080037a8   0x00000244   Code   RO          641    .text               main.o
    0x080039ec   0x0000001a   Code   RO          723    .text               stm32f10x_it.o
    0x08003a06   0x00000002   PAD
    0x08003a08   0x000001e0   Code   RO          742    .text               system_stm32f10x.o
    0x08003be8   0x0000029c   Code   RO          760    .text               epfile.o
    0x08003e84   0x0000015c   Code   RO          780    .text               usermsg.o
    0x08003fe0   0x00000002   Code   RO          800    .text               c_w.l(use_no_semi_2.o)
    0x08003fe2   0x00000002   PAD
    0x08003fe4   0x00000018   Code   RO          806    .text               c_w.l(noretval__2printf.o)
    0x08003ffc   0x00000028   Code   RO          808    .text               c_w.l(noretval__2sprintf.o)
    0x08004024   0x00000068   Code   RO          810    .text               c_w.l(__printf.o)
    0x0800408c   0x00000052   Code   RO          812    .text               c_w.l(_printf_str.o)
    0x080040de   0x00000002   PAD
    0x080040e0   0x00000078   Code   RO          814    .text               c_w.l(_printf_dec.o)
    0x08004158   0x00000058   Code   RO          819    .text               c_w.l(_printf_hex_int.o)
    0x080041b0   0x00000024   Code   RO          861    .text               c_w.l(strstr.o)
    0x080041d4   0x00000058   Code   RO          863    .text               c_w.l(memcmp.o)
    0x0800422c   0x00000048   Code   RO          865    .text               c_w.l(strcpy.o)
    0x08004274   0x0000003e   Code   RO          867    .text               c_w.l(strlen.o)
    0x080042b2   0x0000008a   Code   RO          869    .text               c_w.l(rt_memcpy_v6.o)
    0x0800433c   0x00000044   Code   RO          871    .text               c_w.l(rt_memclr.o)
    0x08004380   0x00000006   Code   RO          873    .text               c_w.l(heapauxi.o)
    0x08004386   0x00000002   Code   RO          899    .text               c_w.l(use_no_semi.o)
    0x08004388   0x000000b2   Code   RO          902    .text               c_w.l(_printf_intcommon.o)
    0x0800443a   0x00000002   PAD
    0x0800443c   0x00000030   Code   RO          904    .text               c_w.l(_printf_char_common.o)
    0x0800446c   0x0000000a   Code   RO          906    .text               c_w.l(_sputc.o)
    0x08004476   0x0000002c   Code   RO          908    .text               c_w.l(_printf_char.o)
    0x080044a2   0x00000002   PAD
    0x080044a4   0x00000024   Code   RO          910    .text               c_w.l(_printf_char_file.o)
    0x080044c8   0x00000064   Code   RO          913    .text               c_w.l(rt_memcpy_w.o)
    0x0800452c   0x0000004e   Code   RO          915    .text               c_w.l(rt_memclr_w.o)
    0x0800457a   0x00000008   Code   RO          939    .text               c_w.l(ferror.o)
    0x08004582   0x0000004a   Code   RO          943    .text               c_w.l(sys_stackheap_outer.o)
    0x080045cc   0x0000000c   Code   RO          945    .text               c_w.l(exit.o)
    0x080045d8   0x00000008   Code   RO          953    .text               c_w.l(libspace.o)
    0x080045e0   0x000000c4   Code   RO          877    x$fpl$fadd          fz_ws.l(faddsub_clz.o)
    0x080046a4   0x00000184   Code   RO          884    x$fpl$fdiv          fz_ws.l(fdiv.o)
    0x08004828   0x0000003e   Code   RO          887    x$fpl$ffixu         fz_ws.l(ffixu.o)
    0x08004866   0x00000002   PAD
    0x08004868   0x00000026   Code   RO          891    x$fpl$ffltu         fz_ws.l(fflt_clz.o)
    0x0800488e   0x00000002   PAD
    0x08004890   0x00000102   Code   RO          897    x$fpl$fmul          fz_ws.l(fmul.o)
    0x08004992   0x0000008c   Code   RO          917    x$fpl$fnaninf       fz_ws.l(fnaninf.o)
    0x08004a1e   0x0000000a   Code   RO          919    x$fpl$fretinf       fz_ws.l(fretinf.o)
    0x08004a28   0x00000014   Code   RO          878    x$fpl$frsb          fz_ws.l(faddsub_clz.o)
    0x08004a3c   0x000000ea   Code   RO          879    x$fpl$fsub          fz_ws.l(faddsub_clz.o)
    0x08004b26   0x00000000   Code   RO          921    x$fpl$usenofp       fz_ws.l(usenofp.o)
    0x08004b26   0x00000200   Data   RO          404    .constdata          sys.o
    0x08004d26   0x00000068   Data   RO          556    .constdata          wifi.o
    0x08004d8e   0x00000002   PAD
    0x08004d90   0x00000010   Data   RO          597    .constdata          protocol.o
    0x08004da0   0x00000079   Data   RO          619    .constdata          serrcu.o
    0x08004e19   0x00000034   Data   RO          643    .constdata          main.o
    0x08004e4d   0x0000000c   Data   RO          761    .constdata          epfile.o
    0x08004e59   0x00000028   Data   RO          820    .constdata          c_w.l(_printf_hex_int.o)
    0x08004e81   0x00000003   PAD
    0x08004e84   0x00000020   Data   RO         1075    Region$$Table       anon$$obj.o


    Execution Region RW_IRAM1 (Base: 0x20000000, Size: 0x00000d90, Max: 0x0000c000, ABSOLUTE)

    Base Addr    Size         Type   Attr      Idx    E Section Name        Object

    0x20000000   0x00000014   Data   RW          300    .data               stm32f10x_rcc.o
    0x20000014   0x00000004   Data   RW          386    .data               delay.o
    0x20000018   0x00000004   Data   RW          425    .data               timer.o
    0x2000001c   0x0000000b   Data   RW          470    .data               usart.o
    0x20000027   0x00000001   PAD
    0x20000028   0x00000020   Data   RW          557    .data               wifi.o
    0x20000048   0x00000001   Data   RW          598    .data               protocol.o
    0x20000049   0x00000003   PAD
    0x2000004c   0x0000000c   Data   RW          644    .data               main.o
    0x20000058   0x00000014   Data   RW          743    .data               system_stm32f10x.o
    0x2000006c   0x000000a0   Zero   RW          424    .bss                timer.o
    0x2000010c   0x00000080   Zero   RW          469    .bss                usart.o
    0x2000018c   0x000002c9   Zero   RW          555    .bss                wifi.o
    0x20000455   0x00000003   PAD
    0x20000458   0x00000148   Zero   RW          596    .bss                protocol.o
    0x200005a0   0x0000005a   Zero   RW          642    .bss                main.o
    0x200005fa   0x00000135   Zero   RW          781    .bss                usermsg.o
    0x2000072f   0x00000001   PAD
    0x20000730   0x00000060   Zero   RW          954    .bss                c_w.l(libspace.o)
    0x20000790   0x00000200   Zero   RW           18    HEAP                startup_stm32f10x_hd.o
    0x20000990   0x00000400   Zero   RW           17    STACK               startup_stm32f10x_hd.o


==============================================================================

Image component sizes


      Code (inc. data)   RO Data    RW Data    ZI Data      Debug   Object Name

       952         14          0          0          0       3203   24cxx.o
         0          0          0          0          0       4536   core_cm3.o
       196         10          0          4          0       1143   delay.o
       668        104         12          0          0       2245   epfile.o
       120          4          0          0          0        563   key.o
        76          6          0          0          0        670   led.o
       580        160         52         12         90     221266   main.o
       220         22          0          0          0     252013   misc.o
      1116        488         16          1        328       3275   protocol.o
        60          8          0          0          0        477   serialport.o
       736        188        121          0          0       2632   serrcu.o
        64         26        304          0       1536        768   startup_stm32f10x_hd.o
       284         10          0          0          0       2175   stm32f10x_exti.o
       860         38          0          0          0       5589   stm32f10x_gpio.o
        26          0          0          0          0       1178   stm32f10x_it.o
       932         36          0         20          0       8736   stm32f10x_rcc.o
      3610         88          0          0          0      22072   stm32f10x_tim.o
      1032         22          0          0          0       8308   stm32f10x_usart.o
       124         10        512          0          0       1887   sys.o
       480         38          0         20          0       1695   system_stm32f10x.o
       240         12          0          4        160       2761   timer.o
       844         40          0         11        128       4996   usart.o
       348         78          0          0        309       1756   usermsg.o
      2300        694        104         32        713       6302   wifi.o

    ----------------------------------------------------------------------
     15872       2096       1155        108       3268     560246   Object Totals
         0          0         32          0          0          0   (incl. Generated)
         4          0          2          4          4          0   (incl. Padding)

    ----------------------------------------------------------------------

      Code (inc. data)   RO Data    RW Data    ZI Data      Debug   Library Member Name

         8          0          0          0          0         68   __main.o
       104          0          0          0          0         84   __printf.o
         0          0          0          0          0          0   __rtentry.o
        12          0          0          0          0          0   __rtentry2.o
         6          0          0          0          0          0   __rtentry4.o
        52          8          0          0          0          0   __scatter.o
        26          0          0          0          0          0   __scatter_copy.o
        28          0          0          0          0          0   __scatter_zi.o
        44          0          0          0          0        108   _printf_char.o
        48          6          0          0          0         96   _printf_char_common.o
        36          4          0          0          0         80   _printf_char_file.o
         6          0          0          0          0          0   _printf_d.o
       120         16          0          0          0         92   _printf_dec.o
        88          4         40          0          0         88   _printf_hex_int.o
       178          0          0          0          0         88   _printf_intcommon.o
         0          0          0          0          0          0   _printf_percent.o
         4          0          0          0          0          0   _printf_percent_end.o
         6          0          0          0          0          0   _printf_s.o
        82          0          0          0          0         80   _printf_str.o
         6          0          0          0          0          0   _printf_x.o
        10          0          0          0          0         68   _sputc.o
        12          0          0          0          0         72   exit.o
         8          0          0          0          0         68   ferror.o
         6          0          0          0          0        152   heapauxi.o
         2          0          0          0          0          0   libinit.o
         2          0          0          0          0          0   libinit2.o
         2          0          0          0          0          0   libshutdown.o
         2          0          0          0          0          0   libshutdown2.o
         8          4          0          0         96         68   libspace.o
        88          0          0          0          0         76   memcmp.o
        24          4          0          0          0         84   noretval__2printf.o
        40          6          0          0          0         84   noretval__2sprintf.o
        68          0          0          0          0         68   rt_memclr.o
        78          0          0          0          0         80   rt_memclr_w.o
       138          0          0          0          0         68   rt_memcpy_v6.o
       100          0          0          0          0         80   rt_memcpy_w.o
         2          0          0          0          0          0   rtexit.o
        10          0          0          0          0          0   rtexit2.o
        72          0          0          0          0         80   strcpy.o
        62          0          0          0          0         76   strlen.o
        36          0          0          0          0         80   strstr.o
        74          0          0          0          0         80   sys_stackheap_outer.o
         2          0          0          0          0         68   use_no_semi.o
         2          0          0          0          0         68   use_no_semi_2.o
       450          8          0          0          0        236   faddsub_clz.o
       388         76          0          0          0         96   fdiv.o
        62          4          0          0          0         84   ffixu.o
        38          0          0          0          0         68   fflt_clz.o
       258          4          0          0          0         84   fmul.o
       140          4          0          0          0         84   fnaninf.o
        10          0          0          0          0         68   fretinf.o
         0          0          0          0          0          0   usenofp.o

    ----------------------------------------------------------------------
      3062        148         43          0         96       2924   Library Totals
        14          0          3          0          0          0   (incl. Padding)

    ----------------------------------------------------------------------

      Code (inc. data)   RO Data    RW Data    ZI Data      Debug   Library Name

      1702         52         40          0         96       2204   c_w.l
      1346         96          0          0          0        720   fz_ws.l

    ----------------------------------------------------------------------
      3062        148         43          0         96       2924   Library Totals

    ----------------------------------------------------------------------

==============================================================================


      Code (inc. data)   RO Data    RW Data    ZI Data      Debug   

     18934       2244       1198        108       3364     559786   Grand Totals
     18934       2244       1198        108       3364     559786   ELF Image Totals
     18934       2244       1198        108          0          0   ROM Totals

==============================================================================

    Total RO  Size (Code + RO Data)                20132 (  19.66kB)
    Total RW  Size (RW Data + ZI Data)              3472 (   3.39kB)
    Total ROM Size (Code + RO Data + RW Data)      20240 (  19.77kB)

==============================================================================

